Archive member included to satisfy reference by file (symbol)

/usr/lib/gcc/arm-none-eabi/16.1.0/../../../../arm-none-eabi/lib/thumb/v8-m.main+fp/softfp/libm.a(libm_a-wf_sqrt.o)
                              CMakeFiles/CROX.dir/home/rahul/pico-sdk/src/rp2_common/pico_float/float_math.c.o (sqrtf)
/usr/lib/gcc/arm-none-eabi/16.1.0/../../../../arm-none-eabi/lib/thumb/v8-m.main+fp/softfp/libm.a(libm_a-ef_sqrt.o)
                              /usr/lib/gcc/arm-none-eabi/16.1.0/../../../../arm-none-eabi/lib/thumb/v8-m.main+fp/softfp/libm.a(libm_a-wf_sqrt.o) (__ieee754_sqrtf)
/usr/lib/gcc/arm-none-eabi/16.1.0/thumb/v8-m.main+fp/softfp/libgcc.a(_arm_addsubdf3.o)
                              CMakeFiles/CROX.dir/main.cpp.o (__aeabi_f2d)
/usr/lib/gcc/arm-none-eabi/16.1.0/thumb/v8-m.main+fp/softfp/libgcc.a(_aeabi_ldivmod.o)
                              CMakeFiles/CROX.dir/home/rahul/pico-sdk/src/common/pico_time/time.c.o (__aeabi_ldivmod)
/usr/lib/gcc/arm-none-eabi/16.1.0/thumb/v8-m.main+fp/softfp/libgcc.a(_aeabi_uldivmod.o)
                              CMakeFiles/CROX.dir/home/rahul/pico-sdk/src/rp2_common/hardware_clocks/clocks.c.o (__aeabi_uldivmod)
/usr/lib/gcc/arm-none-eabi/16.1.0/thumb/v8-m.main+fp/softfp/libgcc.a(_udivmoddi4.o)
                              /usr/lib/gcc/arm-none-eabi/16.1.0/thumb/v8-m.main+fp/softfp/libgcc.a(_aeabi_ldivmod.o) (__udivmoddi4)
/usr/lib/gcc/arm-none-eabi/16.1.0/thumb/v8-m.main+fp/softfp/libgcc.a(_dvmd_tls.o)
                              /usr/lib/gcc/arm-none-eabi/16.1.0/thumb/v8-m.main+fp/softfp/libgcc.a(_aeabi_ldivmod.o) (__aeabi_ldiv0)
/usr/lib/gcc/arm-none-eabi/16.1.0/../../../../arm-none-eabi/lib/thumb/v8-m.main+fp/softfp/libg.a(libc_a-atexit.o)
                              /usr/lib/gcc/arm-none-eabi/16.1.0/../../../../arm-none-eabi/lib/thumb/v8-m.main+fp/softfp/crt0.o (atexit)
/usr/lib/gcc/arm-none-eabi/16.1.0/../../../../arm-none-eabi/lib/thumb/v8-m.main+fp/softfp/libg.a(libc_a-calloc.o)
                              CMakeFiles/CROX.dir/home/rahul/pico-sdk/src/rp2_common/pico_malloc/malloc.c.o (calloc)
/usr/lib/gcc/arm-none-eabi/16.1.0/../../../../arm-none-eabi/lib/thumb/v8-m.main+fp/softfp/libg.a(libc_a-callocr.o)
                              /usr/lib/gcc/arm-none-eabi/16.1.0/../../../../arm-none-eabi/lib/thumb/v8-m.main+fp/softfp/libg.a(libc_a-calloc.o) (_calloc_r)
/usr/lib/gcc/arm-none-eabi/16.1.0/../../../../arm-none-eabi/lib/thumb/v8-m.main+fp/softfp/libg.a(libc_a-malloc.o)
                              CMakeFiles/CROX.dir/home/rahul/pico-sdk/src/rp2_common/pico_malloc/malloc.c.o (malloc)
/usr/lib/gcc/arm-none-eabi/16.1.0/../../../../arm-none-eabi/lib/thumb/v8-m.main+fp/softfp/libg.a(libc_a-mallocr.o)
                              /usr/lib/gcc/arm-none-eabi/16.1.0/../../../../arm-none-eabi/lib/thumb/v8-m.main+fp/softfp/libg.a(libc_a-callocr.o) (_malloc_r)
/usr/lib/gcc/arm-none-eabi/16.1.0/../../../../arm-none-eabi/lib/thumb/v8-m.main+fp/softfp/libg.a(libc_a-mlock.o)
                              /usr/lib/gcc/arm-none-eabi/16.1.0/../../../../arm-none-eabi/lib/thumb/v8-m.main+fp/softfp/libg.a(libc_a-mallocr.o) (__malloc_lock)
/usr/lib/gcc/arm-none-eabi/16.1.0/../../../../arm-none-eabi/lib/thumb/v8-m.main+fp/softfp/libg.a(libc_a-realloc.o)
                              CMakeFiles/CROX.dir/home/rahul/pico-sdk/src/rp2_common/pico_malloc/malloc.c.o (realloc)
/usr/lib/gcc/arm-none-eabi/16.1.0/../../../../arm-none-eabi/lib/thumb/v8-m.main+fp/softfp/libg.a(libc_a-reallocr.o)
                              /usr/lib/gcc/arm-none-eabi/16.1.0/../../../../arm-none-eabi/lib/thumb/v8-m.main+fp/softfp/libg.a(libc_a-realloc.o) (_realloc_r)
/usr/lib/gcc/arm-none-eabi/16.1.0/../../../../arm-none-eabi/lib/thumb/v8-m.main+fp/softfp/libg.a(libc_a-fflush.o)
                              CMakeFiles/CROX.dir/main.cpp.o (fflush)
/usr/lib/gcc/arm-none-eabi/16.1.0/../../../../arm-none-eabi/lib/thumb/v8-m.main+fp/softfp/libg.a(libc_a-findfp.o)
                              /usr/lib/gcc/arm-none-eabi/16.1.0/../../../../arm-none-eabi/lib/thumb/v8-m.main+fp/softfp/libg.a(libc_a-fflush.o) (__sglue)
/usr/lib/gcc/arm-none-eabi/16.1.0/../../../../arm-none-eabi/lib/thumb/v8-m.main+fp/softfp/libg.a(libc_a-fwalk.o)
                              /usr/lib/gcc/arm-none-eabi/16.1.0/../../../../arm-none-eabi/lib/thumb/v8-m.main+fp/softfp/libg.a(libc_a-fflush.o) (_fwalk_sglue)
/usr/lib/gcc/arm-none-eabi/16.1.0/../../../../arm-none-eabi/lib/thumb/v8-m.main+fp/softfp/libg.a(libc_a-fwrite.o)
                              CMakeFiles/CROX.dir/main.cpp.o (fwrite)
/usr/lib/gcc/arm-none-eabi/16.1.0/../../../../arm-none-eabi/lib/thumb/v8-m.main+fp/softfp/libg.a(libc_a-stdio.o)
                              /usr/lib/gcc/arm-none-eabi/16.1.0/../../../../arm-none-eabi/lib/thumb/v8-m.main+fp/softfp/libg.a(libc_a-findfp.o) (__sread)
/usr/lib/gcc/arm-none-eabi/16.1.0/../../../../arm-none-eabi/lib/thumb/v8-m.main+fp/softfp/libg.a(libc_a-memcmp.o)
[...]
Memory Configuration

Name             Origin             Length             Attributes
FLASH            0x10000000         0x00400000         xr
RAM              0x20000000         0x00080000         xrw
SCRATCH_X        0x20080000         0x00001000         xrw
SCRATCH_Y        0x20081000         0x00001000         xrw
*default*        0x00000000         0xffffffff

Linker script and memory map

LOAD /usr/lib/gcc/arm-none-eabi/16.1.0/thumb/v8-m.main+fp/softfp/crti.o
LOAD /usr/lib/gcc/arm-none-eabi/16.1.0/thumb/v8-m.main+fp/softfp/crtbegin.o
LOAD /usr/lib/gcc/arm-none-eabi/16.1.0/../../../../arm-none-eabi/lib/thumb/v8-m.main+fp/softfp/crt0.o

.flash_begin    0x10000000        0x0
                0x10000000                        __flash_binary_start = .

.text           0x10000000     0x968c
                0x10000000                        __logical_binary_start = .
 *(.vectors)
 .vectors       0x10000000      0x124 CMakeFiles/CROX.dir/home/rahul/pico-sdk/src/rp2_common/pico_crt0/crt0.S.o
                0x10000000                __vectors
                0x10000000                __VECTOR_TABLE
                0x10000110                isr_securefault
                0x10000110                isr_irq30
                0x10000110                __unhandled_user_irq
                0x10000110                isr_irq49
                0x10000110                isr_irq13
                0x10000110                isr_irq43
                0x10000110                isr_irq45
                0x10000110                isr_irq27
                0x10000110                isr_irq32
                0x10000110                isr_irq31
                0x10000110                isr_irq5
                0x10000110                isr_irq11
                0x10000110                isr_irq23
                0x10000110                isr_usagefault
                0x10000110                isr_irq48
                0x10000110                isr_irq35
                0x10000110                isr_irq18
                0x10000110                isr_irq50
                0x10000110                isr_irq40
                0x10000110                isr_irq28
                0x10000110                isr_irq19
                0x10000110                isr_irq36
                0x10000110                isr_irq41
                0x10000110                isr_irq0
                0x10000110                isr_irq6
                0x10000110                isr_memmanage
                0x10000110                isr_irq37
                0x10000110                isr_irq42
                0x10000110                isr_irq22
                0x10000110                isr_irq17
                0x10000110                isr_irq38
                0x10000110                isr_irq14
                0x10000110                __vectors_end
                0x10000110                __default_isrs_start
                0x10000110                isr_irq2
                0x10000110                isr_irq10
                0x10000110                isr_irq8
                0x10000110                isr_debugmonitor
                0x10000110                isr_irq24
                0x10000110                isr_irq46
                0x10000110                isr_irq1
                0x10000110                isr_irq47
                0x10000110                isr_irq51
                0x10000110                isr_irq7
                0x10000110                isr_irq21
                0x10000110                isr_irq39
                0x10000110                isr_irq20
                0x10000110                isr_irq15
                0x10000110                isr_irq25
                0x10000110                isr_irq34
                0x10000110                isr_irq4
                0x10000110                isr_busfault
                0x10000110                isr_irq16
                0x10000110                isr_irq44
                0x10000110                isr_irq29
                0x10000110                isr_irq26
                0x10000110                isr_irq33
                0x10000110                isr_irq3
                0x10000110                isr_irq12
                0x10000110                isr_irq9
                0x10000116                unhandled_user_irq_num_in_r0
                0x10000118                isr_invalid
                0x1000011a                isr_nmi
                0x1000011c                isr_hardfault
                0x1000011e                isr_svcall
                0x10000120                isr_pendsv
                0x10000122                isr_systick
                0x10000124                __default_isrs_end
 *(.binary_info_header)
 .binary_info_header
                0x10000124       0x14 CMakeFiles/CROX.dir/home/rahul/pico-sdk/src/rp2_common/pico_crt0/crt0.S.o
                0x10000138                        __binary_info_header_end = .
 *(.embedded_block)
 .embedded_block
                0x10000138       0x14 CMakeFiles/CROX.dir/home/rahul/pico-sdk/src/rp2_common/pico_crt0/crt0.S.o
                0x1000014c                        __embedded_block_end = .
 *(.reset)
 .reset         0x1000014c       0x98 CMakeFiles/CROX.dir/home/rahul/pico-sdk/src/rp2_common/pico_crt0/crt0.S.o
                0x1000014c                _entry_point
 *(.init)
 .init          0x100001e4        0x4 /usr/lib/gcc/arm-none-eabi/16.1.0/thumb/v8-m.main+fp/softfp/crti.o
                0x100001e4                _init
 *libgcc.a:cmse_nonsecure_call.o()
 *(EXCLUDE_FILE(*libm.a: *libc.a:*lib_a-mem*.o *libgcc.a:) .text*)
 .text.frame_dummy
                0x100001e8       0x1c /usr/lib/gcc/arm-none-eabi/16.1.0/thumb/v8-m.main+fp/softfp/crtbegin.o
 .text._Z7mpu_isrjm
                0x10000204       0x18 CMakeFiles/CROX.dir/main.cpp.o
                0x10000204                mpu_isr(unsigned int, unsigned long)
 .text._ZN13QuaternionEKF6updateEffff
                0x1000021c      0xec8 CMakeFiles/CROX.dir/main.cpp.o
                0x1000021c                QuaternionEKF::update(float, float, float, float)
 *fill*         0x100010e4        0x4 
 .text.startup.main
                0x100010e8     0x1780 CMakeFiles/CROX.dir/main.cpp.o
                0x100010e8                main
 .text.gpio_default_irq_handler
                0x10002868      0x1d4 CMakeFiles/CROX.dir/home/rahul/pico-sdk/src/rp2_common/hardware_gpio/gpio.c.o
 .text.gpio_set_function
                0x10002a3c       0x3c CMakeFiles/CROX.dir/home/rahul/pico-sdk/src/rp2_common/hardware_gpio/gpio.c.o
                0x10002a3c                gpio_set_function
 .text.gpio_set_pulls
                0x10002a78       0x24 CMakeFiles/CROX.dir/home/rahul/pico-sdk/src/rp2_common/hardware_gpio/gpio.c.o
                0x10002a78                gpio_set_pulls
 .text.gpio_set_irq_enabled_with_callback
                0x10002a9c       0xb0 CMakeFiles/CROX.dir/home/rahul/pico-sdk/src/rp2_common/hardware_gpio/gpio.c.o
                0x10002a9c                gpio_set_irq_enabled_with_callback
 .text.gpio_init
                0x10002b4c       0x4c CMakeFiles/CROX.dir/home/rahul/pico-sdk/src/rp2_common/hardware_gpio/gpio.c.o
                0x10002b4c                gpio_init
 .text.panic    0x10002b98       0x30 CMakeFiles/CROX.dir/home/rahul/pico-sdk/src/rp2_common/pico_platform_panic/panic.c.o
                0x10002b98                panic
 .text.hw_claim_lock
                0x10002bc8       0x24 CMakeFiles/CROX.dir/home/rahul/pico-sdk/src/common/hardware_claim/claim.c.o
                0x10002bc8                hw_claim_lock
 .text.hw_claim_unlock
                0x10002bec       0x14 CMakeFiles/CROX.dir/home/rahul/pico-sdk/src/common/hardware_claim/claim.c.o
                0x10002bec                hw_claim_unlock
 .text.hw_claim_or_assert
                0x10002c00       0x58 CMakeFiles/CROX.dir/home/rahul/pico-sdk/src/common/hardware_claim/claim.c.o
                0x10002c00                hw_claim_or_assert
 .text.hw_claim_unused_from_range
                0x10002c58       0x84 CMakeFiles/CROX.dir/home/rahul/pico-sdk/src/common/hardware_claim/claim.c.o
                0x10002c58                hw_claim_unused_from_range
 .text.next_striped_spin_lock_num
                0x10002cdc       0x18 CMakeFiles/CROX.dir/home/rahul/pico-sdk/src/rp2_common/hardware_sync/sync.c.o
                0x10002cdc                next_striped_spin_lock_num
 .text.spin_lock_claim_unused
                0x10002cf4       0x24 CMakeFiles/CROX.dir/home/rahul/pico-sdk/src/rp2_common/hardware_sync/sync.c.o
                0x10002cf4                spin_lock_claim_unused
 .text.spinlock_set_extexclall
                0x10002d18       0x10 CMakeFiles/CROX.dir/home/rahul/pico-sdk/src/rp2_common/hardware_sync_spin_lock/sync_spin_lock.c.o
 .text.spin_locks_reset
                0x10002d28       0x18 CMakeFiles/CROX.dir/home/rahul/pico-sdk/src/rp2_common/hardware_sync_spin_lock/sync_spin_lock.c.o
                0x10002d28                spin_locks_reset
 .text.runtime_init_per_core_irq_priorities
                0x10002d40       0x40 CMakeFiles/CROX.dir/home/rahul/pico-sdk/src/rp2_common/hardware_irq/irq.c.o
                0x10002d40                runtime_init_per_core_irq_priorities
 .text.irq_set_enabled
                0x10002d80       0x2c CMakeFiles/CROX.dir/home/rahul/pico-sdk/src/rp2_common/hardware_irq/irq.c.o
                0x10002d80                irq_set_enabled
 .text.irq_is_enabled
                0x10002dac       0x20 CMakeFiles/CROX.dir/home/rahul/pico-sdk/src/rp2_common/hardware_irq/irq.c.o
                0x10002dac                irq_is_enabled
 .text.irq_set_pending
                0x10002dcc       0x18 CMakeFiles/CROX.dir/home/rahul/pico-sdk/src/rp2_common/hardware_irq/irq.c.o
                0x10002dcc                irq_set_pending
 .text.irq_has_shared_handler
                0x10002de4       0x20 CMakeFiles/CROX.dir/home/rahul/pico-sdk/src/rp2_common/hardware_irq/irq.c.o
                0x10002de4                irq_has_shared_handler
 .text.irq_set_exclusive_handler
                0x10002e04       0x70 CMakeFiles/CROX.dir/home/rahul/pico-sdk/src/rp2_common/hardware_irq/irq.c.o
                0x10002e04                irq_set_exclusive_handler
 .text.irq_add_shared_handler
                0x10002e74      0x1f8 CMakeFiles/CROX.dir/home/rahul/pico-sdk/src/rp2_common/hardware_irq/irq.c.o
                0x10002e74                irq_add_shared_handler
 .text.irq_remove_handler
                0x1000306c      0x208 CMakeFiles/CROX.dir/home/rahul/pico-sdk/src/rp2_common/hardware_irq/irq.c.o
                0x1000306c                irq_remove_handler
 .text.irq_add_tail_to_free_list
                0x10003274       0xcc CMakeFiles/CROX.dir/home/rahul/pico-sdk/src/rp2_common/hardware_irq/irq.c.o
                0x10003274                irq_add_tail_to_free_list
 .text.user_irq_claim_unused
                0x10003340       0x2c CMakeFiles/CROX.dir/home/rahul/pico-sdk/src/rp2_common/hardware_irq/irq.c.o
                0x10003340                user_irq_claim_unused
 .text.lock_init
                0x1000336c        0xc CMakeFiles/CROX.dir/home/rahul/pico-sdk/src/common/pico_sync/lock_core.c.o
                0x1000336c                lock_init
 .text.runtime_init_mutex
                0x10003378       0x54 CMakeFiles/CROX.dir/home/rahul/pico-sdk/src/common/pico_sync/mutex.c.o
                0x10003378                runtime_init_mutex
 .text.mutex_init
                0x100033cc       0x1c CMakeFiles/CROX.dir/home/rahul/pico-sdk/src/common/pico_sync/mutex.c.o
                0x100033cc                mutex_init
 .text.critical_section_init
                0x100033e8       0x1c CMakeFiles/CROX.dir/home/rahul/pico-sdk/src/common/pico_sync/critical_section.c.o
                0x100033e8                critical_section_init
 .text.critical_section_init_with_lock_num
                0x10003404       0x10 CMakeFiles/CROX.dir/home/rahul/pico-sdk/src/common/pico_sync/critical_section.c.o
                0x10003404                critical_section_init_with_lock_num
 .text.sleep_until_callback
                0x10003414       0x3c CMakeFiles/CROX.dir/home/rahul/pico-sdk/src/common/pico_time/time.c.o
 .text.alarm_pool_irq_handler
                0x10003450      0x2f4 CMakeFiles/CROX.dir/home/rahul/pico-sdk/src/common/pico_time/time.c.o
 .text.runtime_init_default_alarm_pool
                0x10003744      0x104 CMakeFiles/CROX.dir/home/rahul/pico-sdk/src/common/pico_time/time.c.o
                0x10003744                runtime_init_default_alarm_pool
 .text.alarm_pool_get_default
                0x10003848        0x8 CMakeFiles/CROX.dir/home/rahul/pico-sdk/src/common/pico_time/time.c.o
                0x10003848                alarm_pool_get_default
 .text.alarm_pool_add_alarm_at
                0x10003850       0xe4 CMakeFiles/CROX.dir/home/rahul/pico-sdk/src/common/pico_time/time.c.o
                0x10003850                alarm_pool_add_alarm_at
 .text.alarm_pool_add_alarm_at_force_in_context
                0x10003934       0xcc CMakeFiles/CROX.dir/home/rahul/pico-sdk/src/common/pico_time/time.c.o
                0x10003934                alarm_pool_add_alarm_at_force_in_context
 .text.alarm_pool_cancel_alarm
                0x10003a00       0x88 CMakeFiles/CROX.dir/home/rahul/pico-sdk/src/common/pico_time/time.c.o
                0x10003a00                alarm_pool_cancel_alarm
 .text.alarm_pool_core_num
                0x10003a88        0x4 CMakeFiles/CROX.dir/home/rahul/pico-sdk/src/common/pico_time/time.c.o
                0x10003a88                alarm_pool_core_num
 .text.sleep_ms
                0x10003a8c       0xdc CMakeFiles/CROX.dir/home/rahul/pico-sdk/src/common/pico_time/time.c.o
                0x10003a8c                sleep_ms
 .text.best_effort_wfe_or_timeout
                0x10003b68       0xd4 CMakeFiles/CROX.dir/home/rahul/pico-sdk/src/common/pico_time/time.c.o
                0x10003b68                best_effort_wfe_or_timeout
 .text.timer_hardware_alarm_claim
                0x10003c3c       0x24 CMakeFiles/CROX.dir/home/rahul/pico-sdk/src/rp2_common/hardware_timer/timer.c.o
                0x10003c3c                timer_hardware_alarm_claim
 .text.timer_time_us_64
                0x10003c60       0x10 CMakeFiles/CROX.dir/home/rahul/pico-sdk/src/rp2_common/hardware_timer/timer.c.o
                0x10003c60                timer_time_us_64
 .text.time_us_64
                0x10003c70       0x14 CMakeFiles/CROX.dir/home/rahul/pico-sdk/src/rp2_common/hardware_timer/timer.c.o
                0x10003c70                time_us_64
 .text.busy_wait_until
                0x10003c84       0x24 CMakeFiles/CROX.dir/home/rahul/pico-sdk/src/rp2_common/hardware_timer/timer.c.o
                0x10003c84                busy_wait_until
 .text.clock_configure_undivided
                0x10003ca8       0xd8 CMakeFiles/CROX.dir/home/rahul/pico-sdk/src/rp2_common/hardware_clocks/clocks.c.o
                0x10003ca8                clock_configure_undivided
 .text.clock_get_hz
                0x10003d80        0xc CMakeFiles/CROX.dir/home/rahul/pico-sdk/src/rp2_common/hardware_clocks/clocks.c.o
                0x10003d80                clock_get_hz
 .text.set_sys_clock_pll
                0x10003d8c      0x188 CMakeFiles/CROX.dir/home/rahul/pico-sdk/src/rp2_common/hardware_clocks/clocks.c.o
                0x10003d8c                set_sys_clock_pll
 .text.check_sys_clock_khz
                0x10003f14      0x178 CMakeFiles/CROX.dir/home/rahul/pico-sdk/src/rp2_common/hardware_clocks/clocks.c.o
                0x10003f14                check_sys_clock_khz
 .text.pll_init
                0x1000408c       0x98 CMakeFiles/CROX.dir/home/rahul/pico-sdk/src/rp2_common/hardware_pll/pll.c.o
                0x1000408c                pll_init
 .text.watchdog_reboot
                0x10004124       0xac CMakeFiles/CROX.dir/home/rahul/pico-sdk/src/rp2_common/hardware_watchdog/watchdog.c.o
                0x10004124                watchdog_reboot
 .text.tick_start
                0x100041d0       0x18 CMakeFiles/CROX.dir/home/rahul/pico-sdk/src/rp2_common/hardware_ticks/ticks.c.o
                0x100041d0                tick_start
 .text.rom_reboot.constprop.0.isra.0
                0x100041e8       0x38 CMakeFiles/CROX.dir/home/rahul/pico-sdk/src/rp2_common/pico_bootrom/bootrom.c.o
 .text.rom_func_lookup
                0x10004220       0x18 CMakeFiles/CROX.dir/home/rahul/pico-sdk/src/rp2_common/pico_bootrom/bootrom.c.o
                0x10004220                rom_func_lookup
 .text.rom_reset_usb_boot_extra
                0x10004238       0x1c CMakeFiles/CROX.dir/home/rahul/pico-sdk/src/rp2_common/pico_bootrom/bootrom.c.o
                0x10004238                rom_reset_usb_boot_extra
 .text.runtime_init_bootrom_locking_enable
                0x10004254       0x14 CMakeFiles/CROX.dir/home/rahul/pico-sdk/src/rp2_common/pico_bootrom/bootrom_lock.c.o
                0x10004254                runtime_init_bootrom_locking_enable
 .text.runtime_init_boot_locks_reset
                0x10004268       0x1c CMakeFiles/CROX.dir/home/rahul/pico-sdk/src/rp2_common/hardware_boot_lock/boot_lock.c.o
                0x10004268                runtime_init_boot_locks_reset
 .text.xosc_init
                0x10004284       0x2c CMakeFiles/CROX.dir/home/rahul/pico-sdk/src/rp2_common/hardware_xosc/xosc.c.o
                0x10004284                xosc_init
 .text.first_per_core_initializer
                0x100042b0        0x4 CMakeFiles/CROX.dir/home/rahul/pico-sdk/src/rp2_common/pico_runtime/runtime.c.o
 .text.hard_assertion_failure
                0x100042b4        0xc CMakeFiles/CROX.dir/home/rahul/pico-sdk/src/rp2_common/pico_runtime/runtime.c.o
                0x100042b4                hard_assertion_failure
 .text.runtime_run_initializers
                0x100042c0       0x20 CMakeFiles/CROX.dir/home/rahul/pico-sdk/src/rp2_common/pico_runtime/runtime.c.o
                0x100042c0                runtime_run_initializers
 .text.runtime_init_early_resets
                0x100042e0       0x30 CMakeFiles/CROX.dir/home/rahul/pico-sdk/src/rp2_common/pico_runtime_init/runtime_init.c.o
                0x100042e0                runtime_init_early_resets
 .text.runtime_init_usb_power_down
                0x10004310       0x1c CMakeFiles/CROX.dir/home/rahul/pico-sdk/src/rp2_common/pico_runtime_init/runtime_init.c.o
                0x10004310                runtime_init_usb_power_down
 .text.runtime_init_per_core_enable_coprocessors
                0x1000432c       0x1c CMakeFiles/CROX.dir/home/rahul/pico-sdk/src/rp2_common/pico_runtime_init/runtime_init.c.o
                0x1000432c                runtime_init_per_core_enable_coprocessors
 .text.runtime_init_post_clock_resets
                0x10004348       0x20 CMakeFiles/CROX.dir/home/rahul/pico-sdk/src/rp2_common/pico_runtime_init/runtime_init.c.o
                0x10004348                runtime_init_post_clock_resets
 .text.runtime_init_bootrom_reset
                0x10004368       0x14 CMakeFiles/CROX.dir/home/rahul/pico-sdk/src/rp2_common/pico_runtime_init/runtime_init.c.o
                0x10004368                runtime_init_bootrom_reset
 .text.runtime_init_per_core_bootrom_reset
                0x1000437c       0x14 CMakeFiles/CROX.dir/home/rahul/pico-sdk/src/rp2_common/pico_runtime_init/runtime_init.c.o
                0x1000437c                runtime_init_per_core_bootrom_reset
 .text.runtime_init_spin_locks_reset
                0x10004390        0x4 CMakeFiles/CROX.dir/home/rahul/pico-sdk/src/rp2_common/pico_runtime_init/runtime_init.c.o
                0x10004390                runtime_init_spin_locks_reset
 .text.runtime_init_install_ram_vector_table
                0x10004394       0x6c CMakeFiles/CROX.dir/home/rahul/pico-sdk/src/rp2_common/pico_runtime_init/runtime_init.c.o
                0x10004394                runtime_init_install_ram_vector_table
 .text.runtime_init_clocks
                0x10004400       0xdc CMakeFiles/CROX.dir/home/rahul/pico-sdk/src/rp2_common/pico_runtime_init/runtime_init_clocks.c.o
                0x10004400                runtime_init_clocks
 .text.__rp2350_dcp_engaged_state_save_restore
                0x100044dc       0x3a CMakeFiles/CROX.dir/home/rahul/pico-sdk/src/rp2_common/pico_double/double_aeabi_dcp.S.o
 *fill*         0x10004516        0x2 
 .text.__wrap___aeabi_dadd
                0x10004518       0x28 CMakeFiles/CROX.dir/home/rahul/pico-sdk/src/rp2_common/pico_double/double_aeabi_dcp.S.o
                0x10004520                __wrap___aeabi_dadd
 .text.__wrap___aeabi_dsub
                0x10004540       0x28 CMakeFiles/CROX.dir/home/rahul/pico-sdk/src/rp2_common/pico_double/double_aeabi_dcp.S.o
                0x10004548                __wrap___aeabi_dsub
 .text.__wrap___aeabi_dmul
                0x10004568       0x4c CMakeFiles/CROX.dir/home/rahul/pico-sdk/src/rp2_common/pico_double/double_aeabi_dcp.S.o
                0x10004570                __wrap___aeabi_dmul
 .text.__wrap___aeabi_ddiv
                0x100045b4       0x9c CMakeFiles/CROX.dir/home/rahul/pico-sdk/src/rp2_common/pico_double/double_aeabi_dcp.S.o
                0x100045bc                __wrap___aeabi_ddiv
 .text.__wrap___aeabi_d2f
                0x10004650       0x1c CMakeFiles/CROX.dir/home/rahul/pico-sdk/src/rp2_common/pico_double/double_aeabi_dcp.S.o
                0x10004658                double2float
                0x10004658                __wrap___aeabi_d2f
 .text.__wrap___aeabi_i2d
                0x1000466c       0x24 CMakeFiles/CROX.dir/home/rahul/pico-sdk/src/rp2_common/pico_double/double_aeabi_dcp.S.o
                0x10004674                __wrap___aeabi_i2d
                0x10004674                int2double
 .text.__wrap___aeabi_ui2d
                0x10004690       0x24 CMakeFiles/CROX.dir/home/rahul/pico-sdk/src/rp2_common/pico_double/double_aeabi_dcp.S.o
                0x10004698                __wrap___aeabi_ui2d
                0x10004698                uint2double
 .text.__wrap___aeabi_d2iz
                0x100046b4       0x24 CMakeFiles/CROX.dir/home/rahul/pico-sdk/src/rp2_common/pico_double/double_aeabi_dcp.S.o
                0x100046bc                __wrap___aeabi_d2iz
                0x100046bc                double2int_z
 .text.__wrap___aeabi_d2uiz
                0x100046d8       0x24 CMakeFiles/CROX.dir/home/rahul/pico-sdk/src/rp2_common/pico_double/double_aeabi_dcp.S.o
                0x100046e0                double2uint_z
                0x100046e0                double2uint
                0x100046e0                __wrap___aeabi_d2uiz
 .text.__wrap___aeabi_dcmpun
                0x100046fc       0x24 CMakeFiles/CROX.dir/home/rahul/pico-sdk/src/rp2_common/pico_double/double_aeabi_dcp.S.o
                0x10004704                __wrap___aeabi_dcmpun
 .text.__wrap___aeabi_dcmplt
                0x10004720       0x28 CMakeFiles/CROX.dir/home/rahul/pico-sdk/src/rp2_common/pico_double/double_aeabi_dcp.S.o
                0x10004728                __wrap___aeabi_dcmplt
 .text.__wrap___aeabi_dcmple
                0x10004748       0x28 CMakeFiles/CROX.dir/home/rahul/pico-sdk/src/rp2_common/pico_double/double_aeabi_dcp.S.o
                0x10004750                __wrap___aeabi_dcmple
 .text.__wrap___aeabi_dcmpge
                0x10004770       0x28 CMakeFiles/CROX.dir/home/rahul/pico-sdk/src/rp2_common/pico_double/double_aeabi_dcp.S.o
                0x10004778                __wrap___aeabi_dcmpge
 .text.__wrap___aeabi_dcmpgt
                0x10004798       0x28 CMakeFiles/CROX.dir/home/rahul/pico-sdk/src/rp2_common/pico_double/double_aeabi_dcp.S.o
                0x100047a0                __wrap___aeabi_dcmpgt
 .text.__wrap_asinf
                0x100047c0       0x64 CMakeFiles/CROX.dir/home/rahul/pico-sdk/src/rp2_common/pico_float/float_math.c.o
                0x100047c0                __wrap_asinf
 .text.__wrap_conv_tof
                0x10004824      0x1d4 CMakeFiles/CROX.dir/home/rahul/pico-sdk/src/rp2_common/pico_float/float_common_m33.S.o
                0x10004824                int642float
                0x10004824                __wrap___aeabi_l2f
                0x10004826                fix642float
                0x100048b4                fix2float
                0x10004920                ufix2float
                0x1000497c                __wrap___aeabi_ul2f
                0x1000497c                uint642float
                0x1000497e                ufix642float
 .text.__wrap_atan2f
                0x100049f8      0x2cc CMakeFiles/CROX.dir/home/rahul/pico-sdk/src/rp2_common/pico_float/float_sci_m33_vfp.S.o
                0x10004a54                __wrap_atan2f
 .text._out_null
                0x10004cc4        0x4 CMakeFiles/CROX.dir/home/rahul/pico-sdk/src/rp2_common/pico_printf/printf.c.o
 .text._out_rev
                0x10004cc8       0xac CMakeFiles/CROX.dir/home/rahul/pico-sdk/src/rp2_common/pico_printf/printf.c.o
 .text._ntoa_format
                0x10004d74      0x1f0 CMakeFiles/CROX.dir/home/rahul/pico-sdk/src/rp2_common/pico_printf/printf.c.o
 .text._out_char
                0x10004f64        0x8 CMakeFiles/CROX.dir/home/rahul/pico-sdk/src/rp2_common/pico_printf/printf.c.o
 .text._out_fct
                0x10004f6c        0xc CMakeFiles/CROX.dir/home/rahul/pico-sdk/src/rp2_common/pico_printf/printf.c.o
 .text._ftoa    0x10004f78      0x49c CMakeFiles/CROX.dir/home/rahul/pico-sdk/src/rp2_common/pico_printf/printf.c.o
 *fill*         0x10005414        0x4 
 .text._etoa    0x10005418      0x584 CMakeFiles/CROX.dir/home/rahul/pico-sdk/src/rp2_common/pico_printf/printf.c.o
 .text._vsnprintf
                0x1000599c      0x944 CMakeFiles/CROX.dir/home/rahul/pico-sdk/src/rp2_common/pico_printf/printf.c.o
 .text.vfctprintf
                0x100062e0       0x24 CMakeFiles/CROX.dir/home/rahul/pico-sdk/src/rp2_common/pico_printf/printf.c.o
                0x100062e0                vfctprintf
 .text.weak_raw_vprintf
                0x10006304       0x30 CMakeFiles/CROX.dir/home/rahul/pico-sdk/src/rp2_common/pico_printf/printf.c.o
                0x10006304                weak_raw_vprintf
 .text._exit    0x10006334        0x4 CMakeFiles/CROX.dir/home/rahul/pico-sdk/src/rp2_common/pico_clib_interface/newlib_interface.c.o
                0x10006334                _exit
 .text.exit     0x10006338        0x8 CMakeFiles/CROX.dir/home/rahul/pico-sdk/src/rp2_common/pico_clib_interface/newlib_interface.c.o
                0x10006338                exit
 .text.runtime_init
                0x10006340       0x24 CMakeFiles/CROX.dir/home/rahul/pico-sdk/src/rp2_common/pico_clib_interface/newlib_interface.c.o
                0x10006340                runtime_init
 .text.stdio_out_chars_no_crlf
                0x10006364        0x8 CMakeFiles/CROX.dir/home/rahul/pico-sdk/src/rp2_common/pico_stdio/stdio.c.o
 .text.stdio_out_chars_crlf
                0x1000636c       0xc4 CMakeFiles/CROX.dir/home/rahul/pico-sdk/src/rp2_common/pico_stdio/stdio.c.o
 .text.stdio_buffered_printer
                0x10006430       0x5c CMakeFiles/CROX.dir/home/rahul/pico-sdk/src/rp2_common/pico_stdio/stdio.c.o
 .text.stdio_put_string
                0x1000648c       0xf0 CMakeFiles/CROX.dir/home/rahul/pico-sdk/src/rp2_common/pico_stdio/stdio.c.o
                0x1000648c                stdio_put_string
 .text.stdio_set_driver_enabled
                0x1000657c       0x28 CMakeFiles/CROX.dir/home/rahul/pico-sdk/src/rp2_common/pico_stdio/stdio.c.o
                0x1000657c                stdio_set_driver_enabled
 .text.stdio_init_all
                0x100065a4        0x4 CMakeFiles/CROX.dir/home/rahul/pico-sdk/src/rp2_common/pico_stdio/stdio.c.o
                0x100065a4                stdio_init_all
 .text.__wrap_putchar
                0x100065a8       0x84 CMakeFiles/CROX.dir/home/rahul/pico-sdk/src/rp2_common/pico_stdio/stdio.c.o
                0x100065a8                stdio_putchar
                0x100065a8                __wrap_putchar
 .text.__wrap_puts
                0x1000662c       0x3c CMakeFiles/CROX.dir/home/rahul/pico-sdk/src/rp2_common/pico_stdio/stdio.c.o
                0x1000662c                __wrap_puts
                0x1000662c                stdio_puts
 .text.__wrap_vprintf
                0x10006668       0xc0 CMakeFiles/CROX.dir/home/rahul/pico-sdk/src/rp2_common/pico_stdio/stdio.c.o
                0x10006668                __wrap_vprintf
                0x10006668                stdio_vprintf
 .text.__wrap_printf
                0x10006728       0x1c CMakeFiles/CROX.dir/home/rahul/pico-sdk/src/rp2_common/pico_stdio/stdio.c.o
                0x10006728                stdio_printf
                0x10006728                __wrap_printf
 .text.resetd_init
                0x10006744        0x4 CMakeFiles/CROX.dir/home/rahul/pico-sdk/src/rp2_common/pico_stdio_usb/reset_interface.c.o
 .text.resetd_reset
                0x10006748        0xc CMakeFiles/CROX.dir/home/rahul/pico-sdk/src/rp2_common/pico_stdio_usb/reset_interface.c.o
 .text.resetd_open
                0x10006754       0x28 CMakeFiles/CROX.dir/home/rahul/pico-sdk/src/rp2_common/pico_stdio_usb/reset_interface.c.o
 .text.resetd_xfer_cb
                0x1000677c        0x4 CMakeFiles/CROX.dir/home/rahul/pico-sdk/src/rp2_common/pico_stdio_usb/reset_interface.c.o
 .text.resetd_control_xfer_cb
                0x10006780       0x50 CMakeFiles/CROX.dir/home/rahul/pico-sdk/src/rp2_common/pico_stdio_usb/reset_interface.c.o
 .text.tud_descriptor_bos_cb
                0x100067d0        0x8 CMakeFiles/CROX.dir/home/rahul/pico-sdk/src/rp2_common/pico_stdio_usb/reset_interface.c.o
                0x100067d0                tud_descriptor_bos_cb
 .text.tud_vendor_control_xfer_cb
                0x100067d8       0x28 CMakeFiles/CROX.dir/home/rahul/pico-sdk/src/rp2_common/pico_stdio_usb/reset_interface.c.o
                0x100067d8                tud_vendor_control_xfer_cb
 .text.usbd_app_driver_get_cb
                0x10006800       0x10 CMakeFiles/CROX.dir/home/rahul/pico-sdk/src/rp2_common/pico_stdio_usb/reset_interface.c.o
                0x10006800                usbd_app_driver_get_cb
 .text.tud_cdc_line_coding_cb
                0x10006810       0x18 CMakeFiles/CROX.dir/home/rahul/pico-sdk/src/rp2_common/pico_stdio_usb/reset_interface.c.o
                0x10006810                tud_cdc_line_coding_cb
 .text.stdio_usb_set_chars_available_callback
                0x10006828       0x14 CMakeFiles/CROX.dir/home/rahul/pico-sdk/src/rp2_common/pico_stdio_usb/stdio_usb.c.o
                0x10006828                stdio_usb_set_chars_available_callback
 .text.timer_task
                0x1000683c       0x70 CMakeFiles/CROX.dir/home/rahul/pico-sdk/src/rp2_common/pico_stdio_usb/stdio_usb.c.o
 .text.usb_irq  0x100068ac        0xc CMakeFiles/CROX.dir/home/rahul/pico-sdk/src/rp2_common/pico_stdio_usb/stdio_usb.c.o
 .text.stdio_usb_in_chars
                0x100068b8       0x94 CMakeFiles/CROX.dir/home/rahul/pico-sdk/src/rp2_common/pico_stdio_usb/stdio_usb.c.o
                0x100068b8                stdio_usb_in_chars
 .text.stdio_usb_out_flush
                0x1000694c       0x54 CMakeFiles/CROX.dir/home/rahul/pico-sdk/src/rp2_common/pico_stdio_usb/stdio_usb.c.o
 .text.stdio_usb_out_chars
                0x100069a0       0xf0 CMakeFiles/CROX.dir/home/rahul/pico-sdk/src/rp2_common/pico_stdio_usb/stdio_usb.c.o
 .text.low_priority_worker_irq
                0x10006a90       0xec CMakeFiles/CROX.dir/home/rahul/pico-sdk/src/rp2_common/pico_stdio_usb/stdio_usb.c.o
 .text.stdio_usb_init
                0x10006b7c       0xf0 CMakeFiles/CROX.dir/home/rahul/pico-sdk/src/rp2_common/pico_stdio_usb/stdio_usb.c.o
                0x10006b7c                stdio_usb_init
 .text.tud_descriptor_device_cb
                0x10006c6c        0x8 CMakeFiles/CROX.dir/home/rahul/pico-sdk/src/rp2_common/pico_stdio_usb/stdio_usb_descriptors.c.o
                0x10006c6c                tud_descriptor_device_cb
 .text.tud_descriptor_configuration_cb
                0x10006c74        0x8 CMakeFiles/CROX.dir/home/rahul/pico-sdk/src/rp2_common/pico_stdio_usb/stdio_usb_descriptors.c.o
                0x10006c74                tud_descriptor_configuration_cb
 .text.tud_descriptor_string_cb
                0x10006c7c       0x80 CMakeFiles/CROX.dir/home/rahul/pico-sdk/src/rp2_common/pico_stdio_usb/stdio_usb_descriptors.c.o
                0x10006c7c                tud_descriptor_string_cb
 .text.startup._retrieve_unique_id_on_boot
                0x10006cfc       0x2c CMakeFiles/CROX.dir/home/rahul/pico-sdk/src/rp2_common/pico_unique_id/unique_id.c.o
 .text.pico_get_unique_board_id_string
                0x10006d28      0x190 CMakeFiles/CROX.dir/home/rahul/pico-sdk/src/rp2_common/pico_unique_id/unique_id.c.o
                0x10006d28                pico_get_unique_board_id_string
 .text.dcd_init
                0x10006eb8       0x9c CMakeFiles/CROX.dir/home/rahul/pico-sdk/lib/tinyusb/src/portable/raspberrypi/rp2040/dcd_rp2040.c.o
                0x10006eb8                dcd_init
 .text.dcd_int_enable
                0x10006f54        0x8 CMakeFiles/CROX.dir/home/rahul/pico-sdk/lib/tinyusb/src/portable/raspberrypi/rp2040/dcd_rp2040.c.o
                0x10006f54                dcd_int_enable
 .text.dcd_set_address
                0x10006f5c       0x10 CMakeFiles/CROX.dir/home/rahul/pico-sdk/lib/tinyusb/src/portable/raspberrypi/rp2040/dcd_rp2040.c.o
                0x10006f5c                dcd_set_address
 .text.dcd_sof_enable
                0x10006f6c       0x1c CMakeFiles/CROX.dir/home/rahul/pico-sdk/lib/tinyusb/src/portable/raspberrypi/rp2040/dcd_rp2040.c.o
                0x10006f6c                dcd_sof_enable
 .text.dcd_edpt0_status_complete
                0x10006f88       0x1c CMakeFiles/CROX.dir/home/rahul/pico-sdk/lib/tinyusb/src/portable/raspberrypi/rp2040/dcd_rp2040.c.o
                0x10006f88                dcd_edpt0_status_complete
 .text.dcd_edpt_open
                0x10006fa4      0x120 CMakeFiles/CROX.dir/home/rahul/pico-sdk/lib/tinyusb/src/portable/raspberrypi/rp2040/dcd_rp2040.c.o
                0x10006fa4                dcd_edpt_open
 .text.dcd_edpt_close_all
                0x100070c4        0x4 CMakeFiles/CROX.dir/home/rahul/pico-sdk/lib/tinyusb/src/portable/raspberrypi/rp2040/dcd_rp2040.c.o
                0x100070c4                dcd_edpt_close_all
 .text.dcd_edpt_xfer
                0x100070c8       0x28 CMakeFiles/CROX.dir/home/rahul/pico-sdk/lib/tinyusb/src/portable/raspberrypi/rp2040/dcd_rp2040.c.o
                0x100070c8                dcd_edpt_xfer
 .text.dcd_edpt_stall
                0x100070f0       0x30 CMakeFiles/CROX.dir/home/rahul/pico-sdk/lib/tinyusb/src/portable/raspberrypi/rp2040/dcd_rp2040.c.o
                0x100070f0                dcd_edpt_stall
 .text.dcd_edpt_clear_stall
                0x10007120       0x24 CMakeFiles/CROX.dir/home/rahul/pico-sdk/lib/tinyusb/src/portable/raspberrypi/rp2040/dcd_rp2040.c.o
                0x10007120                dcd_edpt_clear_stall
 .text.rp2040_usb_init
                0x10007144       0x40 CMakeFiles/CROX.dir/home/rahul/pico-sdk/lib/tinyusb/src/portable/raspberrypi/rp2040/rp2040_usb.c.o
                0x10007144                rp2040_usb_init
 .text.hw_endpoint_xfer_start
                0x10007184       0x40 CMakeFiles/CROX.dir/home/rahul/pico-sdk/lib/tinyusb/src/portable/raspberrypi/rp2040/rp2040_usb.c.o
                0x10007184                hw_endpoint_xfer_start
 .text.configuration_reset
                0x100071c4       0x8c CMakeFiles/CROX.dir/home/rahul/pico-sdk/lib/tinyusb/src/device/usbd.c.o
 .text.tud_event_hook_cb
                0x10007250        0x4 CMakeFiles/CROX.dir/home/rahul/pico-sdk/lib/tinyusb/src/device/usbd.c.o
                0x10007250                tud_event_hook_cb
 .text.tud_sof_cb
                0x10007254        0x4 CMakeFiles/CROX.dir/home/rahul/pico-sdk/lib/tinyusb/src/device/usbd.c.o
                0x10007254                tud_sof_cb
 .text.tud_descriptor_device_qualifier_cb
                0x10007258        0x4 CMakeFiles/CROX.dir/home/rahul/pico-sdk/lib/tinyusb/src/device/usbd.c.o
                0x10007258                tud_descriptor_device_qualifier_cb
 .text.tud_descriptor_other_speed_configuration_cb
                0x1000725c        0x4 CMakeFiles/CROX.dir/home/rahul/pico-sdk/lib/tinyusb/src/device/usbd.c.o
                0x1000725c                tud_descriptor_other_speed_configuration_cb
 .text.tud_mount_cb
                0x10007260        0x4 CMakeFiles/CROX.dir/home/rahul/pico-sdk/lib/tinyusb/src/device/usbd.c.o
                0x10007260                tud_mount_cb
 .text.tud_umount_cb
                0x10007264        0x4 CMakeFiles/CROX.dir/home/rahul/pico-sdk/lib/tinyusb/src/device/usbd.c.o
                0x10007264                tud_umount_cb
 .text.tud_suspend_cb
                0x10007268        0x4 CMakeFiles/CROX.dir/home/rahul/pico-sdk/lib/tinyusb/src/device/usbd.c.o
                0x10007268                tud_suspend_cb
 .text.tud_resume_cb
                0x1000726c        0x4 CMakeFiles/CROX.dir/home/rahul/pico-sdk/lib/tinyusb/src/device/usbd.c.o
                0x1000726c                tud_resume_cb
 .text.tud_mounted
                0x10007270       0x10 CMakeFiles/CROX.dir/home/rahul/pico-sdk/lib/tinyusb/src/device/usbd.c.o
                0x10007270                tud_mounted
 .text.tud_suspended
                0x10007280       0x10 CMakeFiles/CROX.dir/home/rahul/pico-sdk/lib/tinyusb/src/device/usbd.c.o
                0x10007280                tud_suspended
 .text.tud_rhport_init
                0x10007290      0x104 CMakeFiles/CROX.dir/home/rahul/pico-sdk/lib/tinyusb/src/device/usbd.c.o
                0x10007290                tud_rhport_init
 .text.tud_task_ext
                0x10007394      0x7b4 CMakeFiles/CROX.dir/home/rahul/pico-sdk/lib/tinyusb/src/device/usbd.c.o
                0x10007394                tud_task_ext
 .text.usbd_open_edpt_pair
                0x10007b48       0xa0 CMakeFiles/CROX.dir/home/rahul/pico-sdk/lib/tinyusb/src/device/usbd.c.o
                0x10007b48                usbd_open_edpt_pair
 .text.usbd_edpt_open
                0x10007be8       0x5c CMakeFiles/CROX.dir/home/rahul/pico-sdk/lib/tinyusb/src/device/usbd.c.o
                0x10007be8                usbd_edpt_open
 .text.usbd_edpt_claim
                0x10007c44       0x24 CMakeFiles/CROX.dir/home/rahul/pico-sdk/lib/tinyusb/src/device/usbd.c.o
                0x10007c44                usbd_edpt_claim
 .text.usbd_edpt_release
                0x10007c68       0x24 CMakeFiles/CROX.dir/home/rahul/pico-sdk/lib/tinyusb/src/device/usbd.c.o
                0x10007c68                usbd_edpt_release
 .text.usbd_edpt_xfer
                0x10007c8c       0x74 CMakeFiles/CROX.dir/home/rahul/pico-sdk/lib/tinyusb/src/device/usbd.c.o
                0x10007c8c                usbd_edpt_xfer
 .text.tud_control_status
                0x10007d00       0x38 CMakeFiles/CROX.dir/home/rahul/pico-sdk/lib/tinyusb/src/device/usbd_control.c.o
                0x10007d00                tud_control_status
 .text.tud_control_xfer
                0x10007d38       0xc4 CMakeFiles/CROX.dir/home/rahul/pico-sdk/lib/tinyusb/src/device/usbd_control.c.o
                0x10007d38                tud_control_xfer
 .text.usbd_control_reset
                0x10007dfc       0x14 CMakeFiles/CROX.dir/home/rahul/pico-sdk/lib/tinyusb/src/device/usbd_control.c.o
                0x10007dfc                usbd_control_reset
 .text.usbd_control_set_complete_callback
                0x10007e10        0xc CMakeFiles/CROX.dir/home/rahul/pico-sdk/lib/tinyusb/src/device/usbd_control.c.o
                0x10007e10                usbd_control_set_complete_callback
 .text.usbd_control_set_request
                0x10007e1c       0x1c CMakeFiles/CROX.dir/home/rahul/pico-sdk/lib/tinyusb/src/device/usbd_control.c.o
                0x10007e1c                usbd_control_set_request
 .text.usbd_control_xfer_cb
                0x10007e38      0x10c CMakeFiles/CROX.dir/home/rahul/pico-sdk/lib/tinyusb/src/device/usbd_control.c.o
                0x10007e38                usbd_control_xfer_cb
 .text._prep_out_transaction.isra.0
                0x10007f44       0x80 CMakeFiles/CROX.dir/home/rahul/pico-sdk/lib/tinyusb/src/class/cdc/cdc_device.c.o
 .text.tud_cdc_n_connected
                0x10007fc4       0x2c CMakeFiles/CROX.dir/home/rahul/pico-sdk/lib/tinyusb/src/class/cdc/cdc_device.c.o
                0x10007fc4                tud_cdc_n_connected
 .text.tud_cdc_n_available
                0x10007ff0       0x14 CMakeFiles/CROX.dir/home/rahul/pico-sdk/lib/tinyusb/src/class/cdc/cdc_device.c.o
                0x10007ff0                tud_cdc_n_available
 .text.tud_cdc_n_read
                0x10008004       0x8c CMakeFiles/CROX.dir/home/rahul/pico-sdk/lib/tinyusb/src/class/cdc/cdc_device.c.o
                0x10008004                tud_cdc_n_read
 .text.tud_cdc_n_write_flush
                0x10008090       0x94 CMakeFiles/CROX.dir/home/rahul/pico-sdk/lib/tinyusb/src/class/cdc/cdc_device.c.o
                0x10008090                tud_cdc_n_write_flush
 .text.tud_cdc_n_write
                0x10008124       0x3c CMakeFiles/CROX.dir/home/rahul/pico-sdk/lib/tinyusb/src/class/cdc/cdc_device.c.o
                0x10008124                tud_cdc_n_write
 .text.tud_cdc_n_write_available
                0x10008160       0x14 CMakeFiles/CROX.dir/home/rahul/pico-sdk/lib/tinyusb/src/class/cdc/cdc_device.c.o
                0x10008160                tud_cdc_n_write_available
 .text.cdcd_init
                0x10008174       0x74 CMakeFiles/CROX.dir/home/rahul/pico-sdk/lib/tinyusb/src/class/cdc/cdc_device.c.o
                0x10008174                cdcd_init
 .text.cdcd_deinit
                0x100081e8       0x20 CMakeFiles/CROX.dir/home/rahul/pico-sdk/lib/tinyusb/src/class/cdc/cdc_device.c.o
                0x100081e8                cdcd_deinit
 .text.cdcd_reset
                0x10008208       0x50 CMakeFiles/CROX.dir/home/rahul/pico-sdk/lib/tinyusb/src/class/cdc/cdc_device.c.o
                0x10008208                cdcd_reset
 .text.cdcd_open
                0x10008258       0xcc CMakeFiles/CROX.dir/home/rahul/pico-sdk/lib/tinyusb/src/class/cdc/cdc_device.c.o
                0x10008258                cdcd_open
 .text.cdcd_control_xfer_cb
                0x10008324       0xd0 CMakeFiles/CROX.dir/home/rahul/pico-sdk/lib/tinyusb/src/class/cdc/cdc_device.c.o
                0x10008324                cdcd_control_xfer_cb
 .text.cdcd_xfer_cb
                0x100083f4      0x108 CMakeFiles/CROX.dir/home/rahul/pico-sdk/lib/tinyusb/src/class/cdc/cdc_device.c.o
                0x100083f4                cdcd_xfer_cb
 .text.vendord_init
                0x100084fc       0x5c CMakeFiles/CROX.dir/home/rahul/pico-sdk/lib/tinyusb/src/class/vendor/vendor_device.c.o
                0x100084fc                vendord_init
 .text.vendord_deinit
                0x10008558       0x1c CMakeFiles/CROX.dir/home/rahul/pico-sdk/lib/tinyusb/src/class/vendor/vendor_device.c.o
                0x10008558                vendord_deinit
 .text.vendord_reset
                0x10008574       0x24 CMakeFiles/CROX.dir/home/rahul/pico-sdk/lib/tinyusb/src/class/vendor/vendor_device.c.o
                0x10008574                vendord_reset
 .text.vendord_open
                0x10008598       0xf4 CMakeFiles/CROX.dir/home/rahul/pico-sdk/lib/tinyusb/src/class/vendor/vendor_device.c.o
                0x10008598                vendord_open
 .text.vendord_xfer_cb
                0x1000868c       0x98 CMakeFiles/CROX.dir/home/rahul/pico-sdk/lib/tinyusb/src/class/vendor/vendor_device.c.o
                0x1000868c                vendord_xfer_cb
 .text.tusb_rhport_init
                0x10008724       0x6c CMakeFiles/CROX.dir/home/rahul/pico-sdk/lib/tinyusb/src/tusb.c.o
                0x10008724                tusb_rhport_init
 .text.tu_edpt_claim
                0x10008790       0x60 CMakeFiles/CROX.dir/home/rahul/pico-sdk/lib/tinyusb/src/tusb.c.o
                0x10008790                tu_edpt_claim
 .text.tu_edpt_release
                0x100087f0       0x38 CMakeFiles/CROX.dir/home/rahul/pico-sdk/lib/tinyusb/src/tusb.c.o
                0x100087f0                tu_edpt_release
 .text.tu_edpt_validate
                0x10008828       0x60 CMakeFiles/CROX.dir/home/rahul/pico-sdk/lib/tinyusb/src/tusb.c.o
                0x10008828                tu_edpt_validate
 .text.tu_edpt_bind_driver
                0x10008888       0x54 CMakeFiles/CROX.dir/home/rahul/pico-sdk/lib/tinyusb/src/tusb.c.o
                0x10008888                tu_edpt_bind_driver
 .text.tu_edpt_stream_init
                0x100088dc       0x58 CMakeFiles/CROX.dir/home/rahul/pico-sdk/lib/tinyusb/src/tusb.c.o
                0x100088dc                tu_edpt_stream_init
 .text.tu_edpt_stream_deinit
                0x10008934        0x4 CMakeFiles/CROX.dir/home/rahul/pico-sdk/lib/tinyusb/src/tusb.c.o
                0x10008934                tu_edpt_stream_deinit
 .text.tu_edpt_stream_write_zlp_if_needed
                0x10008938       0x6c CMakeFiles/CROX.dir/home/rahul/pico-sdk/lib/tinyusb/src/tusb.c.o
                0x10008938                tu_edpt_stream_write_zlp_if_needed
 .text.tu_edpt_stream_write_xfer
                0x100089a4       0x78 CMakeFiles/CROX.dir/home/rahul/pico-sdk/lib/tinyusb/src/tusb.c.o
                0x100089a4                tu_edpt_stream_write_xfer
 .text.tu_edpt_stream_read_xfer
                0x10008a1c       0xd4 CMakeFiles/CROX.dir/home/rahul/pico-sdk/lib/tinyusb/src/tusb.c.o
                0x10008a1c                tu_edpt_stream_read_xfer
 .text.tu_fifo_config
                0x10008af0       0x60 CMakeFiles/CROX.dir/home/rahul/pico-sdk/lib/tinyusb/src/common/tusb_fifo.c.o
                0x10008af0                tu_fifo_config
 .text.tu_fifo_count
                0x10008b50       0x1c CMakeFiles/CROX.dir/home/rahul/pico-sdk/lib/tinyusb/src/common/tusb_fifo.c.o
                0x10008b50                tu_fifo_count
 .text.tu_fifo_empty
                0x10008b6c       0x10 CMakeFiles/CROX.dir/home/rahul/pico-sdk/lib/tinyusb/src/common/tusb_fifo.c.o
                0x10008b6c                tu_fifo_empty
 .text.tu_fifo_remaining
                0x10008b7c       0x20 CMakeFiles/CROX.dir/home/rahul/pico-sdk/lib/tinyusb/src/common/tusb_fifo.c.o
                0x10008b7c                tu_fifo_remaining
 .text.tu_fifo_read
                0x10008b9c       0x94 CMakeFiles/CROX.dir/home/rahul/pico-sdk/lib/tinyusb/src/common/tusb_fifo.c.o
                0x10008b9c                tu_fifo_read
 .text.tu_fifo_read_n
                0x10008c30       0xd8 CMakeFiles/CROX.dir/home/rahul/pico-sdk/lib/tinyusb/src/common/tusb_fifo.c.o
                0x10008c30                tu_fifo_read_n
 .text.tu_fifo_write
                0x10008d08       0xa0 CMakeFiles/CROX.dir/home/rahul/pico-sdk/lib/tinyusb/src/common/tusb_fifo.c.o
                0x10008d08                tu_fifo_write
 .text.tu_fifo_write_n
                0x10008da8      0x134 CMakeFiles/CROX.dir/home/rahul/pico-sdk/lib/tinyusb/src/common/tusb_fifo.c.o
                0x10008da8                tu_fifo_write_n
 .text.tu_fifo_clear
                0x10008edc       0x38 CMakeFiles/CROX.dir/home/rahul/pico-sdk/lib/tinyusb/src/common/tusb_fifo.c.o
                0x10008edc                tu_fifo_clear
 .text.tu_fifo_set_overwritable
                0x10008f14       0x3c CMakeFiles/CROX.dir/home/rahul/pico-sdk/lib/tinyusb/src/common/tusb_fifo.c.o
                0x10008f14                tu_fifo_set_overwritable
 .text.pio_add_program
                0x10008f50      0x108 CMakeFiles/CROX.dir/home/rahul/pico-sdk/src/rp2_common/hardware_pio/pio.c.o
                0x10008f50                pio_add_program
 .text.pio_sm_set_consecutive_pindirs
                0x10009058       0x8c CMakeFiles/CROX.dir/home/rahul/pico-sdk/src/rp2_common/hardware_pio/pio.c.o
                0x10009058                pio_sm_set_consecutive_pindirs
 .text.pio_sm_init
                0x100090e4       0xa4 CMakeFiles/CROX.dir/home/rahul/pico-sdk/src/rp2_common/hardware_pio/pio.c.o
                0x100090e4                pio_sm_init
 .text.spi_init
                0x10009188       0xf8 CMakeFiles/CROX.dir/home/rahul/pico-sdk/src/rp2_common/hardware_spi/spi.c.o
                0x10009188                spi_init
 .text.spi_set_baudrate
                0x10009280       0x9c CMakeFiles/CROX.dir/home/rahul/pico-sdk/src/rp2_common/hardware_spi/spi.c.o
                0x10009280                spi_set_baudrate
 .text.atexit   0x1000931c        0xc /usr/lib/gcc/arm-none-eabi/16.1.0/../../../../arm-none-eabi/lib/thumb/v8-m.main+fp/softfp/libg.a(libc_a-atexit.o)
                0x1000931c                atexit
 .text.memset   0x10009328       0x88 /usr/lib/gcc/arm-none-eabi/16.1.0/../../../../arm-none-eabi/lib/thumb/v8-m.main+fp/softfp/libg.a(libc_a-memset.o)
                0x10009328                memset
 .text.__errno  0x100093b0        0xc /usr/lib/gcc/arm-none-eabi/16.1.0/../../../../arm-none-eabi/lib/thumb/v8-m.main+fp/softfp/libg.a(libc_a-errno.o)
                0x100093b0                __errno
 .text.__libc_fini_array
                0x100093bc       0x28 /usr/lib/gcc/arm-none-eabi/16.1.0/../../../../arm-none-eabi/lib/thumb/v8-m.main+fp/softfp/libg.a(libc_a-fini.o)
                0x100093bc                __libc_fini_array
 .text.__retarget_lock_acquire_recursive
                0x100093e4        0x4 /usr/lib/gcc/arm-none-eabi/16.1.0/../../../../arm-none-eabi/lib/thumb/v8-m.main+fp/softfp/libg.a(libc_a-lock.o)
                0x100093e4                __retarget_lock_acquire_recursive
 .text.__retarget_lock_release_recursive
                0x100093e8        0x4 /usr/lib/gcc/arm-none-eabi/16.1.0/../../../../arm-none-eabi/lib/thumb/v8-m.main+fp/softfp/libg.a(libc_a-lock.o)
                0x100093e8                __retarget_lock_release_recursive
 .text          0x100093ec       0xec /usr/lib/gcc/arm-none-eabi/16.1.0/../../../../arm-none-eabi/lib/thumb/v8-m.main+fp/softfp/libg.a(libc_a-memcpy.o)
                0x100093ec                memcpy
 .text.strlen   0x100094d8       0x5c /usr/lib/gcc/arm-none-eabi/16.1.0/../../../../arm-none-eabi/lib/thumb/v8-m.main+fp/softfp/libg.a(libc_a-strlen-stub.o)
                0x100094d8                strlen
 .text.__register_exitproc
                0x10009534       0x84 /usr/lib/gcc/arm-none-eabi/16.1.0/../../../../arm-none-eabi/lib/thumb/v8-m.main+fp/softfp/libg.a(libc_a-__atexit.o)
                0x10009534                __register_exitproc
 .text.startup.register_fini
                0x100095b8       0x14 /usr/lib/gcc/arm-none-eabi/16.1.0/../../../../arm-none-eabi/lib/thumb/v8-m.main+fp/softfp/libg.a(libc_a-__call_atexit.o)
 *(.fini)
 .fini          0x100095cc        0x4 /usr/lib/gcc/arm-none-eabi/16.1.0/thumb/v8-m.main+fp/softfp/crti.o
                0x100095cc                _fini
 .fini.__stub   0x100095d0       0x70 linker stubs
 *crtbegin.o(.ctors)
 *crtbegin?.o(.ctors)
 *(EXCLUDE_FILE(*crtend.o *crtend?.o) .ctors)
 *(SORT_BY_NAME(.ctors.*))
 *(.ctors)
 *crtbegin.o(.dtors)
 *crtbegin?.o(.dtors)
 *(EXCLUDE_FILE(*crtend.o *crtend?.o) .dtors)
 *(SORT_BY_NAME(.dtors.*))
 *(.dtors)
                0x10009640                        . = ALIGN (0x4)
                0x10009640                        PROVIDE (__preinit_array_start = .)
 *(SORT_BY_NAME(.preinit_array.*))
 .preinit_array.00050
                0x10009640        0x4 CMakeFiles/CROX.dir/home/rahul/pico-sdk/src/rp2_common/pico_runtime_init/runtime_init.c.o
                0x10009640                __pre_init_runtime_init_bootrom_reset
 .preinit_array.00100
                0x10009644        0x4 CMakeFiles/CROX.dir/home/rahul/pico-sdk/src/rp2_common/pico_runtime_init/runtime_init.c.o
                0x10009644                __pre_init_runtime_init_early_resets
 .preinit_array.00101
                0x10009648        0x4 CMakeFiles/CROX.dir/home/rahul/pico-sdk/src/rp2_common/pico_runtime_init/runtime_init.c.o
                0x10009648                __pre_init_runtime_init_usb_power_down
 .preinit_array.00500
                0x1000964c        0x4 CMakeFiles/CROX.dir/home/rahul/pico-sdk/src/rp2_common/pico_runtime_init/runtime_init.c.o
                0x1000964c                __pre_init_runtime_init_clocks
 .preinit_array.00600
                0x10009650        0x4 CMakeFiles/CROX.dir/home/rahul/pico-sdk/src/rp2_common/pico_runtime_init/runtime_init.c.o
                0x10009650                __pre_init_runtime_init_post_clock_resets
 .preinit_array.01000
                0x10009654        0x4 CMakeFiles/CROX.dir/home/rahul/pico-sdk/src/rp2_common/hardware_boot_lock/boot_lock.c.o
                0x10009654                __pre_init_runtime_init_boot_locks_reset
 .preinit_array.01000
                0x10009658        0x4 CMakeFiles/CROX.dir/home/rahul/pico-sdk/src/rp2_common/pico_runtime_init/runtime_init.c.o
                0x10009658                __pre_init_runtime_init_spin_locks_reset
 .preinit_array.01010
                0x1000965c        0x4 CMakeFiles/CROX.dir/home/rahul/pico-sdk/src/rp2_common/pico_bootrom/bootrom_lock.c.o
                0x1000965c                __pre_init_runtime_init_bootrom_locking_enable
 .preinit_array.01100
                0x10009660        0x4 CMakeFiles/CROX.dir/home/rahul/pico-sdk/src/common/pico_sync/mutex.c.o
                0x10009660                __pre_init_runtime_init_mutex
 .preinit_array.10080
                0x10009664        0x4 CMakeFiles/CROX.dir/home/rahul/pico-sdk/src/rp2_common/pico_runtime_init/runtime_init.c.o
                0x10009664                __pre_init_runtime_init_install_ram_vector_table
 .preinit_array.11000
                0x10009668        0x4 CMakeFiles/CROX.dir/home/rahul/pico-sdk/src/common/pico_time/time.c.o
                0x10009668                __pre_init_runtime_init_default_alarm_pool
 .preinit_array.YYYYY
                0x1000966c        0x4 CMakeFiles/CROX.dir/home/rahul/pico-sdk/src/rp2_common/pico_runtime/runtime.c.o
                0x1000966c                __pre_init_first_per_core_initializer
 .preinit_array.ZZZZZ.00051
                0x10009670        0x4 CMakeFiles/CROX.dir/home/rahul/pico-sdk/src/rp2_common/pico_runtime_init/runtime_init.c.o
                0x10009670                __pre_init_runtime_init_per_core_bootrom_reset
 .preinit_array.ZZZZZ.00200
                0x10009674        0x4 CMakeFiles/CROX.dir/home/rahul/pico-sdk/src/rp2_common/pico_runtime_init/runtime_init.c.o
                0x10009674                __pre_init_runtime_init_per_core_enable_coprocessors
 .preinit_array.ZZZZZ.01000
                0x10009678        0x4 CMakeFiles/CROX.dir/home/rahul/pico-sdk/src/rp2_common/hardware_sync_spin_lock/sync_spin_lock.c.o
                0x10009678                __pre_init_spinlock_set_extexclall
 .preinit_array.ZZZZZ.01200
                0x1000967c        0x4 CMakeFiles/CROX.dir/home/rahul/pico-sdk/src/rp2_common/hardware_irq/irq.c.o
                0x1000967c                __pre_init_runtime_init_per_core_irq_priorities
 *(.preinit_array)
                0x10009680                        PROVIDE (__preinit_array_end = .)
                0x10009680                        . = ALIGN (0x4)
                0x10009680                        PROVIDE (__init_array_start = .)
 *(SORT_BY_NAME(.init_array.*))
 .init_array.00000
                0x10009680        0x4 /usr/lib/gcc/arm-none-eabi/16.1.0/../../../../arm-none-eabi/lib/thumb/v8-m.main+fp/softfp/libg.a(libc_a-__call_atexit.o)
 .init_array.01000
                0x10009684        0x4 CMakeFiles/CROX.dir/home/rahul/pico-sdk/src/rp2_common/pico_unique_id/unique_id.c.o
 *(.init_array)
 .init_array    0x10009688        0x4 /usr/lib/gcc/arm-none-eabi/16.1.0/thumb/v8-m.main+fp/softfp/crtbegin.o
                0x1000968c                        PROVIDE (__init_array_end = .)
                0x1000968c                        . = ALIGN (0x4)
                0x1000968c                        PROVIDE (__fini_array_start = .)
 *(SORT_BY_NAME(.fini_array.*))
 *(.fini_array)
                0x1000968c                        PROVIDE (__fini_array_end = .)
 *(.eh_frame*)
 .eh_frame      0x1000968c        0x0 /usr/lib/gcc/arm-none-eabi/16.1.0/thumb/v8-m.main+fp/softfp/crtbegin.o
                0x1000968c                        . = ALIGN (0x4)

.glue_7         0x1000968c        0x0
 .glue_7        0x1000968c        0x0 linker stubs

.glue_7t        0x1000968c        0x0
 .glue_7t       0x1000968c        0x0 linker stubs

.vfp11_veneer   0x1000968c        0x0
 .vfp11_veneer  0x1000968c        0x0 linker stubs

.v4_bx          0x1000968c        0x0
 .v4_bx         0x1000968c        0x0 linker stubs

.iplt           0x1000968c        0x0
 .iplt          0x1000968c        0x0 /usr/lib/gcc/arm-none-eabi/16.1.0/thumb/v8-m.main+fp/softfp/crtbegin.o

.boot2          0x1000968c        0x0
                0x1000968c                        __boot2_start__ = .
 *(.boot2)
                0x1000968c                        __boot2_end__ = .
                0x00000001                        ASSERT (((__boot2_end__ - __boot2_start__) <= 0x100), ERROR: Pico second stage bootloader must be no more than 256 bytes in size)

.rodata         0x10009690      0x6ac
 *(EXCLUDE_FILE(*libm.a: *libc.a:*lib_a-mem*.o *libgcc.a:) .rodata*)
 .rodata.main.str1.4
                0x10009690      0x3fc CMakeFiles/CROX.dir/main.cpp.o
                                0x286 (size before relaxing)
 .rodata._ZN5TunesL5armedE
                0x10009a8c        0xc CMakeFiles/CROX.dir/main.cpp.o
 .rodata._ZN5TunesL12error_sensorE
                0x10009a98        0xc CMakeFiles/CROX.dir/main.cpp.o
 .rodata._ZN5TunesL7startupE
                0x10009aa4       0x10 CMakeFiles/CROX.dir/main.cpp.o
 .rodata._ZL13PwmIn_program
                0x10009ab4        0x8 CMakeFiles/CROX.dir/main.cpp.o
 .rodata._ZL26PwmIn_program_instructions
                0x10009abc       0x14 CMakeFiles/CROX.dir/main.cpp.o
 .rodata.panic.str1.4
                0x10009ad0        0x0 CMakeFiles/CROX.dir/home/rahul/pico-sdk/src/rp2_common/pico_platform_panic/panic.c.o
                                 0x12 (size before relaxing)
 .rodata.spin_lock_claim_unused.str1.4
                0x10009ad0        0x0 CMakeFiles/CROX.dir/home/rahul/pico-sdk/src/rp2_common/hardware_sync/sync.c.o
                                 0x1b (size before relaxing)
 .rodata.user_irq_claim_unused.str1.4
                0x10009ad0        0x0 CMakeFiles/CROX.dir/home/rahul/pico-sdk/src/rp2_common/hardware_irq/irq.c.o
                                 0x1b (size before relaxing)
 .rodata.timer_hardware_alarm_claim.str1.4
                0x10009ad0        0x0 CMakeFiles/CROX.dir/home/rahul/pico-sdk/src/rp2_common/hardware_timer/timer.c.o
                                 0x22 (size before relaxing)
 .rodata.hard_assertion_failure.str1.4
                0x10009ad0        0x0 CMakeFiles/CROX.dir/home/rahul/pico-sdk/src/rp2_common/pico_runtime/runtime.c.o
                                  0xc (size before relaxing)
 .rodata.str1.4
                0x10009ad0        0x0 CMakeFiles/CROX.dir/home/rahul/pico-sdk/src/rp2_common/pico_standard_binary_info/standard_binary_info.c.o
                                 0x40 (size before relaxing)
 .rodata.__bi_84
                0x10009ad0        0xc CMakeFiles/CROX.dir/home/rahul/pico-sdk/src/rp2_common/pico_standard_binary_info/standard_binary_info.c.o
 .rodata.__bi_78
                0x10009adc        0xc CMakeFiles/CROX.dir/home/rahul/pico-sdk/src/rp2_common/pico_standard_binary_info/standard_binary_info.c.o
 .rodata.__bi_60
                0x10009ae8        0xc CMakeFiles/CROX.dir/home/rahul/pico-sdk/src/rp2_common/pico_standard_binary_info/standard_binary_info.c.o
 .rodata.__bi_54
                0x10009af4        0xc CMakeFiles/CROX.dir/home/rahul/pico-sdk/src/rp2_common/pico_standard_binary_info/standard_binary_info.c.o
 .rodata.__bi_48
                0x10009b00        0xc CMakeFiles/CROX.dir/home/rahul/pico-sdk/src/rp2_common/pico_standard_binary_info/standard_binary_info.c.o
 .rodata.__bi_42
                0x10009b0c        0xc CMakeFiles/CROX.dir/home/rahul/pico-sdk/src/rp2_common/pico_standard_binary_info/standard_binary_info.c.o
 .rodata.__bi_34
                0x10009b18        0xc CMakeFiles/CROX.dir/home/rahul/pico-sdk/src/rp2_common/pico_standard_binary_info/standard_binary_info.c.o
 .rodata.__bi_26
                0x10009b24        0xc CMakeFiles/CROX.dir/home/rahul/pico-sdk/src/rp2_common/pico_standard_binary_info/standard_binary_info.c.o
 .rodata._ftoa.str1.4
                0x10009b30        0x0 CMakeFiles/CROX.dir/home/rahul/pico-sdk/src/rp2_common/pico_printf/printf.c.o
                                 0x15 (size before relaxing)
 .rodata.pow10.0
                0x10009b30       0x50 CMakeFiles/CROX.dir/home/rahul/pico-sdk/src/rp2_common/pico_printf/printf.c.o
 .rodata.crlf_str.0
                0x10009b80        0x2 CMakeFiles/CROX.dir/home/rahul/pico-sdk/src/rp2_common/pico_stdio/stdio.c.o
 *fill*         0x10009b82        0x2 
 .rodata._resetd_driver
                0x10009b84       0x20 CMakeFiles/CROX.dir/home/rahul/pico-sdk/src/rp2_common/pico_stdio_usb/reset_interface.c.o
 .rodata.desc_ms_os_20
                0x10009ba4       0xa6 CMakeFiles/CROX.dir/home/rahul/pico-sdk/src/rp2_common/pico_stdio_usb/reset_interface.c.o
 *fill*         0x10009c4a        0x2 
 .rodata.desc_bos
                0x10009c4c       0x21 CMakeFiles/CROX.dir/home/rahul/pico-sdk/src/rp2_common/pico_stdio_usb/reset_interface.c.o
                0x10009c4c                desc_bos
 .rodata.str1.4
                0x10009c6d        0x0 CMakeFiles/CROX.dir/home/rahul/pico-sdk/src/rp2_common/pico_stdio_usb/stdio_usb.c.o
                                 0x13 (size before relaxing)
 *fill*         0x10009c6d        0x3 
 .rodata.__bi_202.0
                0x10009c70        0xc CMakeFiles/CROX.dir/home/rahul/pico-sdk/src/rp2_common/pico_stdio_usb/stdio_usb.c.o
 .rodata.str1.4
                0x10009c7c        0x0 CMakeFiles/CROX.dir/home/rahul/pico-sdk/src/rp2_common/pico_stdio_usb/stdio_usb_descriptors.c.o
                                 0x2a (size before relaxing)
 .rodata.usbd_desc_str
                0x10009c7c       0x18 CMakeFiles/CROX.dir/home/rahul/pico-sdk/src/rp2_common/pico_stdio_usb/stdio_usb_descriptors.c.o
 .rodata.usbd_desc_cfg
                0x10009c94       0x54 CMakeFiles/CROX.dir/home/rahul/pico-sdk/src/rp2_common/pico_stdio_usb/stdio_usb_descriptors.c.o
 .rodata.usbd_desc_device
                0x10009ce8       0x12 CMakeFiles/CROX.dir/home/rahul/pico-sdk/src/rp2_common/pico_stdio_usb/stdio_usb_descriptors.c.o
 .rodata.str1.4
                0x10009cfa        0x0 CMakeFiles/CROX.dir/home/rahul/pico-sdk/lib/tinyusb/src/portable/raspberrypi/rp2040/dcd_rp2040.c.o
                                 0x14 (size before relaxing)
 .rodata.str1.4
                0x10009cfa        0x0 CMakeFiles/CROX.dir/home/rahul/pico-sdk/lib/tinyusb/src/portable/raspberrypi/rp2040/rp2040_usb.c.o
                                 0x48 (size before relaxing)
 *fill*         0x10009cfa        0x2 
 .rodata._usbd_driver
                0x10009cfc       0x40 CMakeFiles/CROX.dir/home/rahul/pico-sdk/lib/tinyusb/src/device/usbd.c.o
 *(.srodata*)
                0x10009d3c                        . = ALIGN (0x4)
 *(SORT_BY_ALIGNMENT(SORT_BY_NAME(.flashdata*)))
                0x10009d3c                        . = ALIGN (0x4)

.ARM.extab
 *(.ARM.extab* .gnu.linkonce.armextab.*)
                0x10009d3c                        __exidx_start = .

.ARM.exidx      0x10009d3c        0x8
 *(.ARM.exidx* .gnu.linkonce.armexidx.*)
 .ARM.exidx     0x10009d3c        0x8 /usr/lib/gcc/arm-none-eabi/16.1.0/../../../../arm-none-eabi/lib/thumb/v8-m.main+fp/softfp/libg.a(libc_a-memcpy.o)
 .ARM.exidx.text.__udivmoddi4
                0x10009d44        0x0 /usr/lib/gcc/arm-none-eabi/16.1.0/thumb/v8-m.main+fp/softfp/libgcc.a(_udivmoddi4.o)
                                  0x8 (size before relaxing)
                0x10009d44                        __exidx_end = .
                0x10009d44                        . = ALIGN (0x4)
                0x10009d44                        __binary_info_start = .

.binary_info    0x10009d44       0x24
 *(.binary_info.keep.*)
 .binary_info.keep.__bi_ptr84
                0x10009d44        0x4 CMakeFiles/CROX.dir/home/rahul/pico-sdk/src/rp2_common/pico_standard_binary_info/standard_binary_info.c.o
 .binary_info.keep.__bi_ptr78
                0x10009d48        0x4 CMakeFiles/CROX.dir/home/rahul/pico-sdk/src/rp2_common/pico_standard_binary_info/standard_binary_info.c.o
 .binary_info.keep.__bi_ptr60
                0x10009d4c        0x4 CMakeFiles/CROX.dir/home/rahul/pico-sdk/src/rp2_common/pico_standard_binary_info/standard_binary_info.c.o
 .binary_info.keep.__bi_ptr54
                0x10009d50        0x4 CMakeFiles/CROX.dir/home/rahul/pico-sdk/src/rp2_common/pico_standard_binary_info/standard_binary_info.c.o
 .binary_info.keep.__bi_ptr48
                0x10009d54        0x4 CMakeFiles/CROX.dir/home/rahul/pico-sdk/src/rp2_common/pico_standard_binary_info/standard_binary_info.c.o
 .binary_info.keep.__bi_ptr42
                0x10009d58        0x4 CMakeFiles/CROX.dir/home/rahul/pico-sdk/src/rp2_common/pico_standard_binary_info/standard_binary_info.c.o
 .binary_info.keep.__bi_ptr34
                0x10009d5c        0x4 CMakeFiles/CROX.dir/home/rahul/pico-sdk/src/rp2_common/pico_standard_binary_info/standard_binary_info.c.o
 .binary_info.keep.__bi_ptr26
                0x10009d60        0x4 CMakeFiles/CROX.dir/home/rahul/pico-sdk/src/rp2_common/pico_standard_binary_info/standard_binary_info.c.o
 *(.binary_info.*)
 .binary_info.__bi_ptr202
                0x10009d64        0x4 CMakeFiles/CROX.dir/home/rahul/pico-sdk/src/rp2_common/pico_stdio_usb/stdio_usb.c.o
                0x10009d68                        __binary_info_end = .
                0x10009d68                        . = ALIGN (0x4)

.ram_vector_table
                0x20000000      0x110
 *(.ram_vector_table)
 .ram_vector_table
                0x20000000      0x110 CMakeFiles/CROX.dir/home/rahul/pico-sdk/src/rp2_common/pico_runtime_init/runtime_init.c.o
                0x20000000                ram_vector_table

.uninitialized_data
                0x20000110        0x0
                0x20000110                        . = ALIGN (0x4)
 *(.uninitialized_data*)

.data           0x20000110     0x1664 load address 0x10009d68
                0x20000110                        __data_start__ = .
 *(vtable)
 *(.time_critical*)
 .time_critical.mutex_try_enter
                0x20000110       0x50 CMakeFiles/CROX.dir/home/rahul/pico-sdk/src/common/pico_sync/mutex.c.o
                0x20000110                mutex_try_enter
 .time_critical.mutex_enter_block_until
                0x20000160       0x6c CMakeFiles/CROX.dir/home/rahul/pico-sdk/src/common/pico_sync/mutex.c.o
                0x20000160                mutex_enter_block_until
 .time_critical.mutex_try_enter_block_until
                0x200001cc       0x68 CMakeFiles/CROX.dir/home/rahul/pico-sdk/src/common/pico_sync/mutex.c.o
                0x200001cc                mutex_try_enter_block_until
 .time_critical.mutex_enter_timeout_ms
                0x20000234       0x38 CMakeFiles/CROX.dir/home/rahul/pico-sdk/src/common/pico_sync/mutex.c.o
                0x20000234                mutex_enter_timeout_ms
 .time_critical.mutex_exit
                0x2000026c       0x3c CMakeFiles/CROX.dir/home/rahul/pico-sdk/src/common/pico_sync/mutex.c.o
                0x2000026c                mutex_exit
 .time_critical.reset_non_control_endpoints
                0x200002a8       0x64 CMakeFiles/CROX.dir/home/rahul/pico-sdk/lib/tinyusb/src/portable/raspberrypi/rp2040/dcd_rp2040.c.o
 .time_critical.hw_handle_buff_status
                0x2000030c       0x8c CMakeFiles/CROX.dir/home/rahul/pico-sdk/lib/tinyusb/src/portable/raspberrypi/rp2040/dcd_rp2040.c.o
 .time_critical.dcd_rp2040_irq
                0x20000398      0x510 CMakeFiles/CROX.dir/home/rahul/pico-sdk/lib/tinyusb/src/portable/raspberrypi/rp2040/dcd_rp2040.c.o
 .time_critical.prepare_ep_buffer
                0x200008a8       0xc4 CMakeFiles/CROX.dir/home/rahul/pico-sdk/lib/tinyusb/src/portable/raspberrypi/rp2040/rp2040_usb.c.o
 .time_critical.sync_ep_buffer
                0x2000096c       0xb8 CMakeFiles/CROX.dir/home/rahul/pico-sdk/lib/tinyusb/src/portable/raspberrypi/rp2040/rp2040_usb.c.o
 .time_critical._hw_endpoint_xfer_sync
                0x20000a24       0x2c CMakeFiles/CROX.dir/home/rahul/pico-sdk/lib/tinyusb/src/portable/raspberrypi/rp2040/rp2040_usb.c.o
 .time_critical.e15_is_bulkin_ep
                0x20000a50       0x24 CMakeFiles/CROX.dir/home/rahul/pico-sdk/lib/tinyusb/src/portable/raspberrypi/rp2040/rp2040_usb.c.o
 .time_critical.e15_is_critical_frame_period
                0x20000a74       0x28 CMakeFiles/CROX.dir/home/rahul/pico-sdk/lib/tinyusb/src/portable/raspberrypi/rp2040/rp2040_usb.c.o
 .time_critical.hw_endpoint_reset_transfer
                0x20000a9c        0xc CMakeFiles/CROX.dir/home/rahul/pico-sdk/lib/tinyusb/src/portable/raspberrypi/rp2040/rp2040_usb.c.o
                0x20000a9c                hw_endpoint_reset_transfer
 .time_critical._hw_endpoint_buffer_control_update32
                0x20000aa8       0x48 CMakeFiles/CROX.dir/home/rahul/pico-sdk/lib/tinyusb/src/portable/raspberrypi/rp2040/rp2040_usb.c.o
                0x20000aa8                _hw_endpoint_buffer_control_update32
 .time_critical.hw_endpoint_start_next_buffer
                0x20000af0       0x64 CMakeFiles/CROX.dir/home/rahul/pico-sdk/lib/tinyusb/src/portable/raspberrypi/rp2040/rp2040_usb.c.o
                0x20000af0                hw_endpoint_start_next_buffer
 .time_critical.hw_endpoint_xfer_continue
                0x20000b54       0x40 CMakeFiles/CROX.dir/home/rahul/pico-sdk/lib/tinyusb/src/portable/raspberrypi/rp2040/rp2040_usb.c.o
                0x20000b54                hw_endpoint_xfer_continue
 .time_critical.tinyusb
                0x20000b94      0x218 CMakeFiles/CROX.dir/home/rahul/pico-sdk/lib/tinyusb/src/device/usbd.c.o
                0x20000b94                dcd_event_handler
 .time_critical.spi_write_blocking
                0x20000dac       0x58 CMakeFiles/CROX.dir/home/rahul/pico-sdk/src/rp2_common/hardware_spi/spi.c.o
                0x20000dac                spi_write_blocking
 .time_critical.spi_read_blocking
                0x20000e04       0x80 CMakeFiles/CROX.dir/home/rahul/pico-sdk/src/rp2_common/hardware_spi/spi.c.o
                0x20000e04                spi_read_blocking
 *(.text*)
 .text.sqrtf    0x20000e84       0x58 /usr/lib/gcc/arm-none-eabi/16.1.0/../../../../arm-none-eabi/lib/thumb/v8-m.main+fp/softfp/libm.a(libm_a-wf_sqrt.o)
                0x20000e84                sqrtf
 .text.__ieee754_sqrtf
                0x20000edc       0x10 /usr/lib/gcc/arm-none-eabi/16.1.0/../../../../arm-none-eabi/lib/thumb/v8-m.main+fp/softfp/libm.a(libm_a-ef_sqrt.o)
                0x20000edc                __ieee754_sqrtf
 .text          0x20000eec      0x378 /usr/lib/gcc/arm-none-eabi/16.1.0/thumb/v8-m.main+fp/softfp/libgcc.a(_arm_addsubdf3.o)
                0x20000eec                __aeabi_drsub
                0x20000ef4                __aeabi_dsub
                0x20000ef4                __subdf3
                0x20000ef8                __adddf3
                0x20000ef8                __aeabi_dadd
                0x20001170                __aeabi_ui2d
                0x20001170                __floatunsidf
                0x20001190                __floatsidf
                0x20001190                __aeabi_i2d
                0x200011b4                __extendsfdf2
                0x200011b4                __aeabi_f2d
                0x200011f8                __aeabi_ul2d
                0x200011f8                __floatundidf
                0x20001208                __floatdidf
                0x20001208                __aeabi_l2d
 .text          0x20001264       0x30 /usr/lib/gcc/arm-none-eabi/16.1.0/thumb/v8-m.main+fp/softfp/libgcc.a(_aeabi_uldivmod.o)
                0x20001264                __aeabi_uldivmod
 .text.__udivmoddi4
                0x20001294      0x2ba /usr/lib/gcc/arm-none-eabi/16.1.0/thumb/v8-m.main+fp/softfp/libgcc.a(_udivmoddi4.o)
                0x20001294                __udivmoddi4
 *fill*         0x2000154e        0x2 
 .text          0x20001550        0x4 /usr/lib/gcc/arm-none-eabi/16.1.0/thumb/v8-m.main+fp/softfp/libgcc.a(_dvmd_tls.o)
                0x20001550                __aeabi_ldiv0
                0x20001550                __aeabi_idiv0
 *fill*         0x20001554        0x4 
 .text.__stub   0x20001558       0x38 linker stubs
                0x20001590                        . = ALIGN (0x4)
 *(.rodata*)
                0x20001590                        . = ALIGN (0x4)
 *(.data*)
 .data.rc_yaw_bias
                0x20001590        0x4 CMakeFiles/CROX.dir/main.cpp.o
                0x20001590                rc_yaw_bias
 .data.rc_pitch_bias
                0x20001594        0x4 CMakeFiles/CROX.dir/main.cpp.o
                0x20001594                rc_pitch_bias
 .data.rc_roll_bias
                0x20001598        0x4 CMakeFiles/CROX.dir/main.cpp.o
                0x20001598                rc_roll_bias
 .data.striped_spin_lock_num
                0x2000159c        0x1 CMakeFiles/CROX.dir/home/rahul/pico-sdk/src/rp2_common/hardware_sync/sync.c.o
 *fill*         0x2000159d        0x3 
 .data          0x200015a0       0x48 CMakeFiles/CROX.dir/home/rahul/pico-sdk/src/rp2_common/hardware_irq/irq_handler_chain.S.o
                0x200015a0                irq_handler_chain_slots
                0x200015d0                irq_handler_chain_first_slot
                0x200015da                irq_handler_chain_remove_tail
 .data.default_alarm_pool
                0x200015e8       0x18 CMakeFiles/CROX.dir/home/rahul/pico-sdk/src/common/pico_time/time.c.o
 .data.stdio_usb
                0x20001600       0x18 CMakeFiles/CROX.dir/home/rahul/pico-sdk/src/rp2_common/pico_stdio_usb/stdio_usb.c.o
                0x20001600                stdio_usb
 .data._usbd_qdef
                0x20001618       0x1c CMakeFiles/CROX.dir/home/rahul/pico-sdk/lib/tinyusb/src/device/usbd.c.o
                0x20001618                _usbd_qdef
 .data._usbd_rhport
                0x20001634        0x1 CMakeFiles/CROX.dir/home/rahul/pico-sdk/lib/tinyusb/src/device/usbd.c.o
 *fill*         0x20001635        0x3 
 .data._impure_ptr
                0x20001638        0x4 /usr/lib/gcc/arm-none-eabi/16.1.0/../../../../arm-none-eabi/lib/thumb/v8-m.main+fp/softfp/libg.a(libc_a-impure.o)
                0x20001638                _impure_ptr
 *fill*         0x2000163c        0x4 
 .data._impure_data
                0x20001640      0x120 /usr/lib/gcc/arm-none-eabi/16.1.0/../../../../arm-none-eabi/lib/thumb/v8-m.main+fp/softfp/libg.a(libc_a-impure.o)
                0x20001640                _impure_data
 .data.__atexit_recursive_mutex
                0x20001760        0x4 /usr/lib/gcc/arm-none-eabi/16.1.0/../../../../arm-none-eabi/lib/thumb/v8-m.main+fp/softfp/libg.a(libc_a-__call_atexit.o)
                0x20001760                __atexit_recursive_mutex
 *(.sdata*)
                0x20001764                        . = ALIGN (0x4)
 *(.after_data.*)
                0x20001764                        . = ALIGN (0x4)
                0x20001764                        PROVIDE (__mutex_array_start = .)
 *(SORT_BY_NAME(.mutex_array.*))
 *(.mutex_array)
 .mutex_array   0x20001764        0x8 CMakeFiles/CROX.dir/home/rahul/pico-sdk/src/rp2_common/pico_malloc/malloc.c.o
 .mutex_array   0x2000176c        0x8 CMakeFiles/CROX.dir/home/rahul/pico-sdk/src/rp2_common/pico_stdio/stdio.c.o
                0x20001774                        PROVIDE (__mutex_array_end = .)
 *(.jcr)
                0x20001774                        . = ALIGN (0x4)

.igot.plt       0x20001774        0x0 load address 0x1000b3cc
 .igot.plt      0x20001774        0x0 /usr/lib/gcc/arm-none-eabi/16.1.0/thumb/v8-m.main+fp/softfp/crtbegin.o

.tdata          0x20001774        0x0 load address 0x1000b3cc
                0x20001774                        . = ALIGN (0x4)
 *(.tdata .tdata.* .gnu.linkonce.td.*)
                0x20001774                        __tdata_end = .
                0x20001774                        PROVIDE (__data_end__ = .)
                0x10009d68                        __etext = LOADADDR (.data)

.tbss           0x20001774        0x0 load address 0x1000b3cc
                0x20001774                        . = ALIGN (0x4)
                0x20001774                        __bss_start__ = .
                0x20001774                        __tls_base = .
 *(.tbss .tbss.* .gnu.linkonce.tb.*)
 *(.tcommon)
                0x20001774                        __tls_end = .

.bss            0x20001778      0xf48 load address 0x1000b3cc
                0x20001778                        . = ALIGN (0x4)
                0x20001778                        __tbss_end = .
 *(SORT_BY_ALIGNMENT(SORT_BY_NAME(.bss*)))
 .bss._ZL14last_update_us
                0x20001778        0x8 CMakeFiles/CROX.dir/main.cpp.o
 .bss._cdcd_itf
                0x20001780       0xc8 CMakeFiles/CROX.dir/home/rahul/pico-sdk/lib/tinyusb/src/class/cdc/cdc_device.c.o
 .bss.default_alarm_pool_entries
                0x20001848      0x180 CMakeFiles/CROX.dir/home/rahul/pico-sdk/src/common/pico_time/time.c.o
 .bss.last_avail_time.1
                0x200019c8        0x8 CMakeFiles/CROX.dir/home/rahul/pico-sdk/src/rp2_common/pico_stdio_usb/stdio_usb.c.o
 .bss.__atexit  0x200019d0        0x4 /usr/lib/gcc/arm-none-eabi/16.1.0/../../../../arm-none-eabi/lib/thumb/v8-m.main+fp/softfp/libg.a(libc_a-__call_atexit.o)
                0x200019d0                __atexit
 .bss.__atexit0
                0x200019d4      0x190 /usr/lib/gcc/arm-none-eabi/16.1.0/../../../../arm-none-eabi/lib/thumb/v8-m.main+fp/softfp/libg.a(libc_a-__atexit.o)
                0x200019d4                __atexit0
 .bss.__lock___atexit_recursive_mutex
                0x20001b64        0x1 /usr/lib/gcc/arm-none-eabi/16.1.0/../../../../arm-none-eabi/lib/thumb/v8-m.main+fp/softfp/libg.a(libc_a-lock.o)
                0x20001b64                __lock___atexit_recursive_mutex
 *fill*         0x20001b65        0x3 
 .bss.__sf      0x20001b68      0x138 /usr/lib/gcc/arm-none-eabi/16.1.0/../../../../arm-none-eabi/lib/thumb/v8-m.main+fp/softfp/libg.a(libc_a-findfp.o)
                0x20001b68                __sf
 .bss._app_driver
                0x20001ca0        0x4 CMakeFiles/CROX.dir/home/rahul/pico-sdk/lib/tinyusb/src/device/usbd.c.o
 .bss._cdcd_epbuf
                0x20001ca4       0x80 CMakeFiles/CROX.dir/home/rahul/pico-sdk/lib/tinyusb/src/class/cdc/cdc_device.c.o
 .bss._cdcd_fifo_cfg
                0x20001d24        0x1 CMakeFiles/CROX.dir/home/rahul/pico-sdk/lib/tinyusb/src/class/cdc/cdc_device.c.o
 *fill*         0x20001d25        0x3 
 .bss._ctrl_epbuf
                0x20001d28       0x40 CMakeFiles/CROX.dir/home/rahul/pico-sdk/lib/tinyusb/src/device/usbd_control.c.o
 .bss._ctrl_xfer
                0x20001d68       0x14 CMakeFiles/CROX.dir/home/rahul/pico-sdk/lib/tinyusb/src/device/usbd_control.c.o
 .bss._sw_spin_locks
                0x20001d7c       0x20 CMakeFiles/CROX.dir/home/rahul/pico-sdk/src/rp2_common/hardware_sync_spin_lock/sync_spin_lock.c.o
                0x20001d7c                _sw_spin_locks
 .bss._tusb_rhport_role
                0x20001d9c        0x2 CMakeFiles/CROX.dir/home/rahul/pico-sdk/lib/tinyusb/src/tusb.c.o
                0x20001d9c                _tusb_rhport_role
 *fill*         0x20001d9e        0x2 
 .bss._ubsd_mutexdef
                0x20001da0        0x8 CMakeFiles/CROX.dir/home/rahul/pico-sdk/lib/tinyusb/src/device/usbd.c.o
 .bss._usbd_dev
                0x20001da8       0x54 CMakeFiles/CROX.dir/home/rahul/pico-sdk/lib/tinyusb/src/device/usbd.c.o
 .bss._usbd_mutex
                0x20001dfc        0x4 CMakeFiles/CROX.dir/home/rahul/pico-sdk/lib/tinyusb/src/device/usbd.c.o
 .bss._usbd_q   0x20001e00        0x4 CMakeFiles/CROX.dir/home/rahul/pico-sdk/lib/tinyusb/src/device/usbd.c.o
 .bss._usbd_qdef_buf
                0x20001e04       0xc0 CMakeFiles/CROX.dir/home/rahul/pico-sdk/lib/tinyusb/src/device/usbd.c.o
                0x20001e04                _usbd_qdef_buf
 .bss._used_instruction_space
                0x20001ec4        0xc CMakeFiles/CROX.dir/home/rahul/pico-sdk/src/rp2_common/hardware_pio/pio.c.o
 .bss._vendord_epbuf
                0x20001ed0       0x80 CMakeFiles/CROX.dir/home/rahul/pico-sdk/lib/tinyusb/src/class/vendor/vendor_device.c.o
 .bss._vendord_itf
                0x20001f50      0x24c CMakeFiles/CROX.dir/home/rahul/pico-sdk/lib/tinyusb/src/class/vendor/vendor_device.c.o
 .bss.callbacks
                0x2000219c        0x8 CMakeFiles/CROX.dir/home/rahul/pico-sdk/src/rp2_common/hardware_gpio/gpio.c.o
 .bss.chars_available_callback
                0x200021a4        0x4 CMakeFiles/CROX.dir/home/rahul/pico-sdk/src/rp2_common/pico_stdio_usb/stdio_usb.c.o
 .bss.chars_available_param
                0x200021a8        0x4 CMakeFiles/CROX.dir/home/rahul/pico-sdk/src/rp2_common/pico_stdio_usb/stdio_usb.c.o
 .bss.claimed   0x200021ac        0x4 CMakeFiles/CROX.dir/home/rahul/pico-sdk/src/rp2_common/hardware_sync/sync.c.o
 .bss.claimed   0x200021b0        0x2 CMakeFiles/CROX.dir/home/rahul/pico-sdk/src/rp2_common/hardware_timer/timer.c.o
 *fill*         0x200021b2        0x2 
 .bss.configured_freq
                0x200021b4       0x28 CMakeFiles/CROX.dir/home/rahul/pico-sdk/src/rp2_common/hardware_clocks/clocks.c.o
 .bss.desc_str.0
                0x200021dc       0x28 CMakeFiles/CROX.dir/home/rahul/pico-sdk/src/rp2_common/pico_stdio_usb/stdio_usb_descriptors.c.o
 .bss.drivers   0x20002204        0x4 CMakeFiles/CROX.dir/home/rahul/pico-sdk/src/rp2_common/pico_stdio/stdio.c.o
 .bss.e15_last_sof
                0x20002208        0x4 CMakeFiles/CROX.dir/home/rahul/pico-sdk/lib/tinyusb/src/portable/raspberrypi/rp2040/rp2040_usb.c.o
                0x20002208                e15_last_sof
 .bss.filter    0x2000220c        0x4 CMakeFiles/CROX.dir/home/rahul/pico-sdk/src/rp2_common/pico_stdio/stdio.c.o
 .bss.hw_endpoints
                0x20002210      0x400 CMakeFiles/CROX.dir/home/rahul/pico-sdk/lib/tinyusb/src/portable/raspberrypi/rp2040/dcd_rp2040.c.o
 .bss.lazy_vsnprintf
                0x20002610        0x4 CMakeFiles/CROX.dir/home/rahul/pico-sdk/src/rp2_common/pico_printf/printf.c.o
 .bss.load_value
                0x20002614        0x4 CMakeFiles/CROX.dir/home/rahul/pico-sdk/src/rp2_common/hardware_watchdog/watchdog.c.o
 .bss.next_buffer_ptr
                0x20002618        0x4 CMakeFiles/CROX.dir/home/rahul/pico-sdk/lib/tinyusb/src/portable/raspberrypi/rp2040/dcd_rp2040.c.o
 .bss.object.0  0x2000261c       0x18 /usr/lib/gcc/arm-none-eabi/16.1.0/thumb/v8-m.main+fp/softfp/crtbegin.o
 .bss.one_shot_timer_crit_sec
                0x20002634        0x8 CMakeFiles/CROX.dir/home/rahul/pico-sdk/src/rp2_common/pico_stdio_usb/stdio_usb.c.o
 .bss.pitch     0x2000263c        0x4 CMakeFiles/CROX.dir/main.cpp.o
                0x2000263c                pitch
 .bss.pitch_control_output
                0x20002640        0x4 CMakeFiles/CROX.dir/main.cpp.o
                0x20002640                pitch_control_output
 .bss.pools     0x20002644       0x20 CMakeFiles/CROX.dir/home/rahul/pico-sdk/src/common/pico_time/time.c.o
 .bss.raw_irq_mask
                0x20002664        0x8 CMakeFiles/CROX.dir/home/rahul/pico-sdk/src/rp2_common/hardware_gpio/gpio.c.o
 .bss.receiver_pwm
                0x2000266c       0x10 CMakeFiles/CROX.dir/main.cpp.o
                0x2000266c                receiver_pwm
 .bss.retrieved_id
                0x2000267c        0x8 CMakeFiles/CROX.dir/home/rahul/pico-sdk/src/rp2_common/pico_unique_id/unique_id.c.o
 .bss.roll      0x20002684        0x4 CMakeFiles/CROX.dir/main.cpp.o
                0x20002684                roll
 .bss.roll_control_output
                0x20002688        0x4 CMakeFiles/CROX.dir/main.cpp.o
                0x20002688                roll_control_output
 .bss.sleep_notifier
                0x2000268c        0x4 CMakeFiles/CROX.dir/home/rahul/pico-sdk/src/common/pico_time/time.c.o
 .bss.stdio_usb_mutex
                0x20002690        0x8 CMakeFiles/CROX.dir/home/rahul/pico-sdk/src/rp2_common/pico_stdio_usb/stdio_usb.c.o
 .bss.usbd_serial_str
                0x20002698       0x11 CMakeFiles/CROX.dir/home/rahul/pico-sdk/src/rp2_common/pico_stdio_usb/stdio_usb_descriptors.c.o
 *fill*         0x200026a9        0x3 
 .bss.yaw       0x200026ac        0x4 CMakeFiles/CROX.dir/main.cpp.o
                0x200026ac                yaw
 .bss.yaw_control_output
                0x200026b0        0x4 CMakeFiles/CROX.dir/main.cpp.o
                0x200026b0                yaw_control_output
 .bss._app_driver_count
                0x200026b4        0x1 CMakeFiles/CROX.dir/home/rahul/pico-sdk/lib/tinyusb/src/device/usbd.c.o
 .bss._sof_enable
                0x200026b5        0x1 CMakeFiles/CROX.dir/home/rahul/pico-sdk/lib/tinyusb/src/portable/raspberrypi/rp2040/dcd_rp2040.c.o
 .bss._usbd_queued_setup
                0x200026b6        0x1 CMakeFiles/CROX.dir/home/rahul/pico-sdk/lib/tinyusb/src/device/usbd.c.o
 .bss.irq_handler_chain_free_slot_head
                0x200026b7        0x1 CMakeFiles/CROX.dir/home/rahul/pico-sdk/src/rp2_common/hardware_irq/irq.c.o
 .bss.itf_num   0x200026b8        0x1 CMakeFiles/CROX.dir/home/rahul/pico-sdk/src/rp2_common/pico_stdio_usb/reset_interface.c.o
 .bss.low_priority_irq_num
                0x200026b9        0x1 CMakeFiles/CROX.dir/home/rahul/pico-sdk/src/rp2_common/pico_stdio_usb/stdio_usb.c.o
 .bss.new_data_ready
                0x200026ba        0x1 CMakeFiles/CROX.dir/main.cpp.o
                0x200026ba                new_data_ready
 .bss.one_shot_timer_pending
                0x200026bb        0x1 CMakeFiles/CROX.dir/home/rahul/pico-sdk/src/rp2_common/pico_stdio_usb/stdio_usb.c.o
 .bss.user_irq_claimed
                0x200026bc        0x1 CMakeFiles/CROX.dir/home/rahul/pico-sdk/src/rp2_common/hardware_irq/irq.c.o
 *(COMMON)
                [!provide]                        PROVIDE (__global_pointer$ = (. + 0x800))
 *(.sbss*)
                0x200026c0                        . = ALIGN (0x4)
 *fill*         0x200026bd        0x3 
                0x200026c0                        __bss_end__ = .

.heap           0x200026c0      0x800 load address 0x1000b3cc
                0x200026c0                        __end__ = .
                0x200026c0                        end = __end__
 *(.heap*)
 .heap          0x200026c0      0x800 CMakeFiles/CROX.dir/home/rahul/pico-sdk/src/rp2_common/pico_crt0/crt0.S.o
                0x20080000                        __HeapLimit = (ORIGIN (RAM) + LENGTH (RAM))

.scratch_x      0x20080000        0x0 load address 0x1000b3cc
                0x20080000                        __scratch_x_start__ = .
 *(.scratch_x.*)
                0x20080000                        . = ALIGN (0x4)
                0x20080000                        __scratch_x_end__ = .
                0x1000b3cc                        __scratch_x_source__ = LOADADDR (.scratch_x)

.scratch_y      0x20081000        0x0 load address 0x1000b3cc
                0x20081000                        __scratch_y_start__ = .
 *(.scratch_y.*)
                0x20081000                        . = ALIGN (0x4)
                0x20081000                        __scratch_y_end__ = .
                0x1000b3cc                        __scratch_y_source__ = LOADADDR (.scratch_y)

.stack1_dummy   0x20080000      0x800
 *(.stack1*)
 .stack1        0x20080000      0x800 CMakeFiles/CROX.dir/home/rahul/pico-sdk/src/rp2_common/pico_multicore/multicore.c.o

.stack_dummy    0x20081000      0x800
 *(.stack*)
 .stack         0x20081000      0x800 CMakeFiles/CROX.dir/home/rahul/pico-sdk/src/rp2_common/pico_crt0/crt0.S.o

.flash_end      0x1000b3cc       0x14
 *(.embedded_end_block*)
 .embedded_end_block
                0x1000b3cc       0x14 CMakeFiles/CROX.dir/home/rahul/pico-sdk/src/rp2_common/pico_crt0/crt0.S.o
                0x1000b3e0                        PROVIDE (__flash_binary_end = .)
                0x20080000                        __StackLimit = (ORIGIN (RAM) + LENGTH (RAM))
                0x20081000                        __StackOneTop = (ORIGIN (SCRATCH_X) + LENGTH (SCRATCH_X))
                0x20082000                        __StackTop = (ORIGIN (SCRATCH_Y) + LENGTH (SCRATCH_Y))
                0x20080800                        __StackOneBottom = (__StackOneTop - SIZEOF (.stack1_dummy))
                0x20081800                        __StackBottom = (__StackTop - SIZEOF (.stack_dummy))
                0x20082000                        PROVIDE (__stack = __StackTop)
                [!provide]                        PROVIDE (__heap_start = __end__)
                [!provide]                        PROVIDE (__heap_end = __HeapLimit)
                [!provide]                        PROVIDE (__tls_align = MAX (ALIGNOF (.tdata), ALIGNOF (.tbss)))
                [!provide]                        PROVIDE (__tls_size_align = (((__tls_size + __tls_align) - 0x1) & ~ ((__tls_align - 0x1))))
                [!provide]                        PROVIDE (__arm32_tls_tcb_offset = MAX (0x8, __tls_align))
                [!provide]                        PROVIDE (_end = __end__)
                [!provide]                        PROVIDE (__llvm_libc_heap_limit = __HeapLimit)
                0x00000001                        ASSERT ((__StackLimit >= __HeapLimit), region RAM overflowed)
                0x00000001                        ASSERT (((__binary_info_header_end - __logical_binary_start) <= 0x400), Binary info must be in first 1024 bytes of the binary)
                0x00000001                        ASSERT (((__embedded_block_end - __logical_binary_start) <= 0x1000), Embedded block must be in first 4096 bytes of the binary)
LOAD CMakeFiles/CROX.dir/main.cpp.o
LOAD CMakeFiles/CROX.dir/home/rahul/pico-sdk/src/rp2_common/pico_stdlib/stdlib.c.o
LOAD CMakeFiles/CROX.dir/home/rahul/pico-sdk/src/rp2_common/hardware_gpio/gpio.c.o
LOAD CMakeFiles/CROX.dir/home/rahul/pico-sdk/src/rp2350/pico_platform/platform.c.o
LOAD CMakeFiles/CROX.dir/home/rahul/pico-sdk/src/rp2_common/pico_platform_common/common.c.o
LOAD CMakeFiles/CROX.dir/home/rahul/pico-sdk/src/rp2_common/pico_platform_panic/panic.c.o
LOAD CMakeFiles/CROX.dir/home/rahul/pico-sdk/src/common/hardware_claim/claim.c.o
LOAD CMakeFiles/CROX.dir/home/rahul/pico-sdk/src/rp2_common/hardware_sync/sync.c.o
LOAD CMakeFiles/CROX.dir/home/rahul/pico-sdk/src/rp2_common/hardware_sync_spin_lock/sync_spin_lock.c.o
LOAD CMakeFiles/CROX.dir/home/rahul/pico-sdk/src/rp2_common/hardware_irq/irq.c.o
LOAD CMakeFiles/CROX.dir/home/rahul/pico-sdk/src/rp2_common/hardware_irq/irq_handler_chain.S.o
LOAD CMakeFiles/CROX.dir/home/rahul/pico-sdk/src/common/pico_sync/sem.c.o
LOAD CMakeFiles/CROX.dir/home/rahul/pico-sdk/src/common/pico_sync/lock_core.c.o
LOAD CMakeFiles/CROX.dir/home/rahul/pico-sdk/src/common/pico_sync/mutex.c.o
LOAD CMakeFiles/CROX.dir/home/rahul/pico-sdk/src/common/pico_sync/critical_section.c.o
LOAD CMakeFiles/CROX.dir/home/rahul/pico-sdk/src/common/pico_time/time.c.o
LOAD CMakeFiles/CROX.dir/home/rahul/pico-sdk/src/common/pico_time/timeout_helper.c.o
LOAD CMakeFiles/CROX.dir/home/rahul/pico-sdk/src/rp2_common/hardware_timer/timer.c.o
LOAD CMakeFiles/CROX.dir/home/rahul/pico-sdk/src/common/pico_util/datetime.c.o
LOAD CMakeFiles/CROX.dir/home/rahul/pico-sdk/src/common/pico_util/pheap.c.o
LOAD CMakeFiles/CROX.dir/home/rahul/pico-sdk/src/common/pico_util/queue.c.o
LOAD CMakeFiles/CROX.dir/home/rahul/pico-sdk/src/rp2_common/hardware_uart/uart.c.o
LOAD CMakeFiles/CROX.dir/home/rahul/pico-sdk/src/rp2_common/hardware_clocks/clocks.c.o
LOAD CMakeFiles/CROX.dir/home/rahul/pico-sdk/src/rp2_common/hardware_pll/pll.c.o
LOAD CMakeFiles/CROX.dir/home/rahul/pico-sdk/src/rp2_common/hardware_vreg/vreg.c.o
LOAD CMakeFiles/CROX.dir/home/rahul/pico-sdk/src/rp2_common/hardware_watchdog/watchdog.c.o
LOAD CMakeFiles/CROX.dir/home/rahul/pico-sdk/src/rp2_common/hardware_ticks/ticks.c.o
LOAD CMakeFiles/CROX.dir/home/rahul/pico-sdk/src/rp2_common/pico_bootrom/bootrom.c.o
LOAD CMakeFiles/CROX.dir/home/rahul/pico-sdk/src/rp2_common/pico_bootrom/bootrom_lock.c.o
LOAD CMakeFiles/CROX.dir/home/rahul/pico-sdk/src/rp2_common/hardware_boot_lock/boot_lock.c.o
LOAD CMakeFiles/CROX.dir/home/rahul/pico-sdk/src/rp2_common/pico_flash/flash.c.o
LOAD CMakeFiles/CROX.dir/home/rahul/pico-sdk/src/rp2_common/hardware_xosc/xosc.c.o
LOAD CMakeFiles/CROX.dir/home/rahul/pico-sdk/src/rp2_common/hardware_divider/divider.c.o
LOAD CMakeFiles/CROX.dir/home/rahul/pico-sdk/src/rp2_common/pico_runtime/runtime.c.o
LOAD CMakeFiles/CROX.dir/home/rahul/pico-sdk/src/rp2_common/pico_runtime_init/runtime_init.c.o
LOAD CMakeFiles/CROX.dir/home/rahul/pico-sdk/src/rp2_common/pico_runtime_init/runtime_init_clocks.c.o
LOAD CMakeFiles/CROX.dir/home/rahul/pico-sdk/src/rp2_common/pico_runtime_init/runtime_init_stack_guard.c.o
LOAD CMakeFiles/CROX.dir/home/rahul/pico-sdk/src/rp2_common/pico_bit_ops/bit_ops_aeabi.S.o
LOAD CMakeFiles/CROX.dir/home/rahul/pico-sdk/src/rp2_common/pico_divider/divider_compiler.c.o
LOAD CMakeFiles/CROX.dir/home/rahul/pico-sdk/src/rp2_common/pico_double/double_math.c.o
LOAD CMakeFiles/CROX.dir/home/rahul/pico-sdk/src/rp2_common/pico_double/double_aeabi_dcp.S.o
LOAD CMakeFiles/CROX.dir/home/rahul/pico-sdk/src/rp2_common/pico_double/double_fma_dcp.S.o
LOAD CMakeFiles/CROX.dir/home/rahul/pico-sdk/src/rp2_common/pico_double/double_sci_m33.S.o
LOAD CMakeFiles/CROX.dir/home/rahul/pico-sdk/src/rp2_common/pico_double/double_conv_m33.S.o
LOAD CMakeFiles/CROX.dir/home/rahul/pico-sdk/src/rp2_common/pico_float/float_math.c.o
LOAD CMakeFiles/CROX.dir/home/rahul/pico-sdk/src/rp2_common/pico_float/float_conv32_vfp.S.o
LOAD CMakeFiles/CROX.dir/home/rahul/pico-sdk/src/rp2_common/pico_float/float_common_m33.S.o
LOAD CMakeFiles/CROX.dir/home/rahul/pico-sdk/src/rp2_common/pico_float/float_sci_m33_vfp.S.o
LOAD CMakeFiles/CROX.dir/home/rahul/pico-sdk/src/rp2_common/pico_malloc/malloc.c.o
LOAD CMakeFiles/CROX.dir/home/rahul/pico-sdk/src/rp2_common/pico_atomic/atomic.c.o
LOAD CMakeFiles/CROX.dir/home/rahul/pico-sdk/src/rp2_common/pico_cxx_options/new_delete.cpp.o
LOAD CMakeFiles/CROX.dir/home/rahul/pico-sdk/src/rp2_common/pico_standard_binary_info/standard_binary_info.c.o